Microchip MPLAB XC8 Compiler V1.45 ()

Linker command line:

-W-3 --edf=C:\Program Files (x86)\Microchip\xc8\v1.45\dat\en_msgs.txt -cs \
  -h+dist/free/production\TCC.X.production.sym \
  --cmf=dist/free/production\TCC.X.production.cmf -z -Q18F4550 \
  -oC:\Users\Thor\AppData\Local\Temp\s3i4.2 \
  -Mdist/free/production/TCC.X.production.map -E1 -ver=XC8 \
  -ASTACK=060h-07ffh -pstack=STACK -ACODE=00h-07FFFh -ACONST=00h-07FFFh \
  -ASMALLCONST=0800h-08FFhx120 -AMEDIUMCONST=0800h-07FFFh -ACOMRAM=01h-05Fh \
  -AABS1=00h-07FFh -ABIGRAM=01h-07FFh -ARAM=060h-0FFh,0100h-01FFhx7 \
  -ABANK0=060h-0FFh -ABANK1=0100h-01FFh -ABANK2=0200h-02FFh \
  -ABANK3=0300h-03FFh -ABANK4=0400h-04FFh -ABANK5=0500h-05FFh \
  -ABANK6=0600h-06FFh -ABANK7=0700h-07FFh -ASFR=0F60h-0FFFh \
  -preset_vec=00h,intcode=08h,intcodelo,powerup,init -pramtop=0800h \
  -psmallconst=SMALLCONST -pmediumconst=MEDIUMCONST -pconst=CONST \
  -AFARRAM=00h-00h -ACONFIG=0300000h-030000Dh -pconfig=CONFIG \
  -AIDLOC=0200000h-0200007h -pidloc=IDLOC -AEEDATA=0F00000h-0F000FFh \
  -peeprom_data=EEDATA \
  -prdata=COMRAM,nvrram=COMRAM,nvbit=COMRAM,rbss=COMRAM,rbit=COMRAM \
  -pfarbss=FARRAM,fardata=FARRAM,nvFARRAM=FARRAM \
  -pintsave_regs=BIGRAM,bigbss=BIGRAM,bigdata=BIGRAM -pbss=RAM \
  -pidata=CODE,irdata=CODE,ibigdata=CODE,ifardata=CODE -prparam=COMRAM \
  C:\Users\Thor\AppData\Local\Temp\s3i4.obj \
  dist/free/production\TCC.X.production.obj 

Object code version is 3.11

Machine type is 18F4550

Call graph: (short form)




                Name                               Link     Load   Length Selector   Space Scale
C:\Users\Thor\AppData\Local\Temp\s3i4.obj
                init                                  E        E        4        4       0
                reset_vec                             0        0        4        0       0
                idloc                            200000   200000        8   200000       0
                config                           300000   300000        E   300000       0
dist/free/production\TCC.X.production.obj
                intcode                               8        8        6        4       0
                temp                                 4C       4C        1        1       1
                smallconst                          800      800       56      400       0
                text19                             17D6     17D6        C      42B       0
                intcode_body                       152A     152A       9C      42B       0
                text17                             13D0     13D0       AE      42B       0
                text16                             121E     121E       E6      42B       0
                text15                             177E     177E       24      42B       0
                text14                             16F2     16F2       34      42B       0
                text13                             17E2     17E2        6      42B       0
                text12                             16A8     16A8       4A      42B       0
                text11                             17CA     17CA        C      42B       0
                text10                             17A2     17A2       1A      42B       0
                text9                              15C6     15C6       8C      42B       0
                text8                              1752     1752       2C      42B       0
                text7                              1726     1726       2C      42B       0
                text6                              1304     1304       CC      42B       0
                text5                              147E     147E       AC      42B       0
                text4                              112A     112A       F4      42B       0
                text3                              1036     1036       F4      42B       0
                text2                              1652     1652       56      42B       0
                text1                               CE2      CE2      354      42B       0
                text0                               856      856      48C      42B       0
                cstackCOMRAM                          1        1       4B        1       1
                cinit                              17BC     17BC        E      42B       0

TOTAL           Name                               Link     Load   Length     Space
        CLASS   STACK          

        CLASS   CODE           
                intcode                               8        8        6         0
                init                                  E        E        4         0
                reset_vec                             0        0        4         0
                text19                             17D6     17D6        C         0
                intcode_body                       152A     152A       9C         0
                text17                             13D0     13D0       AE         0
                text16                             121E     121E       E6         0
                text15                             177E     177E       24         0
                text14                             16F2     16F2       34         0
                text13                             17E2     17E2        6         0
                text12                             16A8     16A8       4A         0
                text11                             17CA     17CA        C         0
                text10                             17A2     17A2       1A         0
                text9                              15C6     15C6       8C         0
                text8                              1752     1752       2C         0
                text7                              1726     1726       2C         0
                text6                              1304     1304       CC         0
                text5                              147E     147E       AC         0
                text4                              112A     112A       F4         0
                text3                              1036     1036       F4         0
                text2                              1652     1652       56         0
                text1                               CE2      CE2      354         0
                text0                               856      856      48C         0
                cinit                              17BC     17BC        E         0

        CLASS   CONST          

        CLASS   SMALLCONST     
                smallconst                          800      800       56         0

        CLASS   MEDIUMCONST    

        CLASS   COMRAM         
                temp                                 4C       4C        1         1
                cstackCOMRAM                          1        1       4B         1

        CLASS   ABS1           

        CLASS   BIGRAM         

        CLASS   RAM            

        CLASS   BANK0          

        CLASS   BANK1          

        CLASS   BANK2          

        CLASS   BANK3          

        CLASS   BANK4          

        CLASS   BANK5          

        CLASS   BANK6          

        CLASS   BANK7          

        CLASS   SFR            

        CLASS   FARRAM         

        CLASS   CONFIG         
                config                           300000   300000        E         0

        CLASS   IDLOC          
                idloc                            200000   200000        8         0

        CLASS   EEDATA         



SEGMENTS        Name                           Load    Length   Top    Selector   Space  Class

                reset_vec                      000000  000004  000004         0       0  CODE    
                cstackCOMRAM                   000001  00004C  00004D         1       1  COMRAM  
                intcode                        000008  00000A  000012         4       0  CODE    
                smallconst                     000800  000056  000856       400       0  SMALLCON
                text0                          000856  000F92  0017E8       42B       0  CODE    
                idloc                          200000  000008  200008    200000       0  IDLOC   
                config                         300000  00000E  30000E    300000       0  CONFIG  


UNUSED ADDRESS RANGES

        Name                Unused          Largest block    Delta
        BANK0            000060-0000FF               A0
        BANK1            000100-0001FF              100
        BANK2            000200-0002FF              100
        BANK3            000300-0003FF              100
        BANK4            000400-0004FF              100
        BANK5            000500-0005FF              100
        BANK6            000600-0006FF              100
        BANK7            000700-0007FF              100
        BIGRAM           00004D-0007FF              7B3
        CODE             000004-000007                4
                         000012-0007FF              7EE
                         0017E8-007FFF             6818
        COMRAM           00004D-00005F               13
        CONST            000004-000007                4
                         000012-0007FF              7EE
                         0017E8-007FFF             6818
        EEDATA           F00000-F000FF              100
        MEDIUMCONST      0017E8-007FFF             6818
        RAM              000060-0007FF              100
        SFR              000F60-000FFF               A0
        SMALLCONST       0017E8-007FFF              100
        STACK            000060-0007FF              7A0

                                  Symbol Table

?___aldiv                         cstackCOMRAM 00001D
?___almod                         cstackCOMRAM 000013
?___ftdiv                         cstackCOMRAM 00002D
?___ftmul                         cstackCOMRAM 00001E
?___ftpack                        cstackCOMRAM 000013
?___fttol                         cstackCOMRAM 00002D
?___lmul                          cstackCOMRAM 000013
?___lwtoft                        cstackCOMRAM 00001B
?_adc_read                        cstackCOMRAM 000013
_ADCON0                           (abs)        000FC2
_ADCON0bits                       (abs)        000FC2
_ADCON1                           (abs)        000FC1
_ADCON2                           (abs)        000FC0
_ADRESH                           (abs)        000FC4
_ADRESL                           (abs)        000FC3
_CMCON                            (abs)        000FB4
_INTCON                           (abs)        000FF2
_INTCONbits                       (abs)        000FF2
_LATB                             (abs)        000F8A
_LATBbits                         (abs)        000F8A
_LATC                             (abs)        000F8B
_LATCbits                         (abs)        000F8B
_LATD                             (abs)        000F8C
_LATDbits                         (abs)        000F8C
_T0CON                            (abs)        000FD5
_TMR0H                            (abs)        000FD7
_TMR0L                            (abs)        000FD6
_TRISA                            (abs)        000F92
_TRISB                            (abs)        000F93
_TRISC                            (abs)        000F94
_TRISD                            (abs)        000F95
_TRISE                            (abs)        000F96
_UCON                             (abs)        000F6D
__CFG_CP0$OFF                     (abs)        000000
__CFG_CP1$OFF                     (abs)        000000
__CFG_CP2$OFF                     (abs)        000000
__CFG_CP3$OFF                     (abs)        000000
__CFG_CPB$OFF                     (abs)        000000
__CFG_CPD$OFF                     (abs)        000000
__CFG_CPUDIV$OSC1_PLL2            (abs)        000000
__CFG_DEBUG$ON                    (abs)        000000
__CFG_EBTR0$OFF                   (abs)        000000
__CFG_EBTR1$OFF                   (abs)        000000
__CFG_EBTR2$OFF                   (abs)        000000
__CFG_EBTR3$OFF                   (abs)        000000
__CFG_EBTRB$OFF                   (abs)        000000
__CFG_FOSC$HS                     (abs)        000000
__CFG_ICPRT$OFF                   (abs)        000000
__CFG_LVP$OFF                     (abs)        000000
__CFG_MCLRE$ON                    (abs)        000000
__CFG_PLLDIV$4                    (abs)        000000
__CFG_PWRT$ON                     (abs)        000000
__CFG_STVREN$ON                   (abs)        000000
__CFG_WDT$OFF                     (abs)        000000
__CFG_WRT0$OFF                    (abs)        000000
__CFG_WRT1$OFF                    (abs)        000000
__CFG_WRT2$OFF                    (abs)        000000
__CFG_WRT3$OFF                    (abs)        000000
__CFG_WRTB$OFF                    (abs)        000000
__CFG_WRTC$OFF                    (abs)        000000
__CFG_WRTD$OFF                    (abs)        000000
__CFG_XINST$OFF                   (abs)        000000
__HRAM                            (abs)        000000
__Habs1                           abs1         000000
__Hbank0                          bank0        000000
__Hbank1                          bank1        000000
__Hbank2                          bank2        000000
__Hbank3                          bank3        000000
__Hbank4                          bank4        000000
__Hbank5                          bank5        000000
__Hbank6                          bank6        000000
__Hbank7                          bank7        000000
__Hbigbss                         bigbss       000000
__Hbigdata                        bigdata      000000
__Hbigram                         bigram       000000
__Hbss                            bss          000000
__Hcinit                          cinit        000000
__Hclrtext                        clrtext      000000
__Hcomram                         comram       000000
__Hconfig                         config       30000E
__Hconst                          const        000000
__HcstackCOMRAM                   cstackCOMRAM 000000
__Hdata                           data         000000
__Heeprom_data                    eeprom_data  000000
__Hfarbss                         farbss       000000
__Hfardata                        fardata      000000
__Hibigdata                       ibigdata     000000
__Hidata                          idata        000000
__Hidloc                          idloc        200008
__Hifardata                       ifardata     000000
__Hinit                           init         000012
__Hintcode                        intcode      00000E
__Hintcode_body                   intcode_body 000000
__Hintcodelo                      intcodelo    00000E
__Hintentry                       intentry     000000
__Hintret                         intret       000000
__Hintsave_regs                   intsave_regs 000000
__Hirdata                         irdata       000000
__Hmediumconst                    mediumconst  000000
__HnvFARRAM                       nvFARRAM     000000
__Hnvbit                          nvbit        000000
__Hnvrram                         nvrram       000000
__Hparam                          rparam       000000
__Hpowerup                        powerup      00000E
__Hram                            ram          000000
__Hramtop                         ramtop       000800
__Hrbit                           rbit         000000
__Hrbss                           rbss         000000
__Hrdata                          rdata        000000
__Hreset_vec                      reset_vec    000004
__Hrparam                         rparam       000000
__Hsfr                            sfr          000000
__Hsmallconst                     smallconst   000856
__Hspace_0                        (abs)        30000E
__Hspace_1                        (abs)        00004D
__Hspace_2                        (abs)        000000
__Hstack                          stack        000000
__Hstruct                         struct       000000
__Htemp                           temp         00004D
__Htext                           text         000000
__Htext0                          text0        000000
__Htext1                          text1        000000
__Htext10                         text10       000000
__Htext11                         text11       000000
__Htext12                         text12       000000
__Htext13                         text13       000000
__Htext14                         text14       000000
__Htext15                         text15       000000
__Htext16                         text16       000000
__Htext17                         text17       000000
__Htext19                         text19       000000
__Htext2                          text2        000000
__Htext3                          text3        000000
__Htext4                          text4        000000
__Htext5                          text5        000000
__Htext6                          text6        000000
__Htext7                          text7        000000
__Htext8                          text8        000000
__Htext9                          text9        000000
__LRAM                            (abs)        000001
__Labs1                           abs1         000000
__Lbank0                          bank0        000000
__Lbank1                          bank1        000000
__Lbank2                          bank2        000000
__Lbank3                          bank3        000000
__Lbank4                          bank4        000000
__Lbank5                          bank5        000000
__Lbank6                          bank6        000000
__Lbank7                          bank7        000000
__Lbigbss                         bigbss       000000
__Lbigdata                        bigdata      000000
__Lbigram                         bigram       000000
__Lbss                            bss          000000
__Lcinit                          cinit        000000
__Lclrtext                        clrtext      000000
__Lcomram                         comram       000000
__Lconfig                         config       300000
__Lconst                          const        000000
__LcstackCOMRAM                   cstackCOMRAM 000000
__Ldata                           data         000000
__Leeprom_data                    eeprom_data  000000
__Lfarbss                         farbss       000000
__Lfardata                        fardata      000000
__Libigdata                       ibigdata     000000
__Lidata                          idata        000000
__Lidloc                          idloc        200000
__Lifardata                       ifardata     000000
__Linit                           init         00000E
__Lintcode                        intcode      000008
__Lintcode_body                   intcode_body 000000
__Lintcodelo                      intcodelo    00000E
__Lintentry                       intentry     000000
__Lintret                         intret       000000
__Lintsave_regs                   intsave_regs 000000
__Lirdata                         irdata       000000
__Lmediumconst                    mediumconst  000000
__LnvFARRAM                       nvFARRAM     000000
__Lnvbit                          nvbit        000000
__Lnvrram                         nvrram       000000
__Lparam                          rparam       000000
__Lpowerup                        powerup      00000E
__Lram                            ram          000000
__Lramtop                         ramtop       000800
__Lrbit                           rbit         000000
__Lrbss                           rbss         000000
__Lrdata                          rdata        000000
__Lreset_vec                      reset_vec    000000
__Lrparam                         rparam       000000
__Lsfr                            sfr          000000
__Lsmallconst                     smallconst   000800
__Lspace_0                        (abs)        000000
__Lspace_1                        (abs)        000000
__Lspace_2                        (abs)        000000
__Lstack                          stack        000000
__Lstruct                         struct       000000
__Ltemp                           temp         00004C
__Ltext                           text         000000
__Ltext0                          text0        000000
__Ltext1                          text1        000000
__Ltext10                         text10       000000
__Ltext11                         text11       000000
__Ltext12                         text12       000000
__Ltext13                         text13       000000
__Ltext14                         text14       000000
__Ltext15                         text15       000000
__Ltext16                         text16       000000
__Ltext17                         text17       000000
__Ltext19                         text19       000000
__Ltext2                          text2        000000
__Ltext3                          text3        000000
__Ltext4                          text4        000000
__Ltext5                          text5        000000
__Ltext6                          text6        000000
__Ltext7                          text7        000000
__Ltext8                          text8        000000
__Ltext9                          text9        000000
__S0                              (abs)        30000E
__S1                              (abs)        00004D
__S2                              (abs)        000000
___aldiv                          text6        001304
___aldiv@counter                  cstackCOMRAM 000025
___aldiv@dividend                 cstackCOMRAM 00001D
___aldiv@divisor                  cstackCOMRAM 000021
___aldiv@quotient                 cstackCOMRAM 000027
___aldiv@sign                     cstackCOMRAM 000026
___almod                          text5        00147E
___almod@counter                  cstackCOMRAM 00001B
___almod@dividend                 cstackCOMRAM 000013
___almod@divisor                  cstackCOMRAM 000017
___almod@sign                     cstackCOMRAM 00001C
___ftdiv                          text16       00121E
___ftdiv@cntr                     cstackCOMRAM 000036
___ftdiv@exp                      cstackCOMRAM 00003A
___ftdiv@f1                       cstackCOMRAM 00002D
___ftdiv@f2                       cstackCOMRAM 000030
___ftdiv@f3                       cstackCOMRAM 000037
___ftdiv@sign                     cstackCOMRAM 00003B
___ftmul                          text4        00112A
___ftmul@cntr                     cstackCOMRAM 00002B
___ftmul@exp                      cstackCOMRAM 000027
___ftmul@f1                       cstackCOMRAM 00001E
___ftmul@f2                       cstackCOMRAM 000021
___ftmul@f3_as_product            cstackCOMRAM 000028
___ftmul@sign                     cstackCOMRAM 00002C
___ftpack                         text17       0013D0
___ftpack@arg                     cstackCOMRAM 000013
___ftpack@exp                     cstackCOMRAM 000016
___ftpack@sign                    cstackCOMRAM 000017
___fttol                          text3        001036
___fttol@exp1                     cstackCOMRAM 00003B
___fttol@f1                       cstackCOMRAM 00002D
___fttol@lval                     cstackCOMRAM 000037
___fttol@sign1                    cstackCOMRAM 000036
___inthi_sp                       stack        000000
___intlo_sp                       stack        000000
___lmul                           text2        001652
___lmul@multiplicand              cstackCOMRAM 000017
___lmul@multiplier                cstackCOMRAM 000013
___lmul@product                   cstackCOMRAM 00001B
___lwtoft                         text15       00177E
___lwtoft@c                       cstackCOMRAM 00001B
___param_bank                     (abs)        000000
___rparam_used                    (abs)        000001
___sp                             stack        000000
__accesstop                       (abs)        000060
__activetblptr                    (abs)        000002
__end_of___aldiv                  text6        0013D0
__end_of___almod                  text5        00152A
__end_of___ftdiv                  text16       001304
__end_of___ftmul                  text4        00121E
__end_of___ftpack                 text17       00147E
__end_of___fttol                  text3        00112A
__end_of___lmul                   text2        0016A8
__end_of___lwtoft                 text15       0017A2
__end_of__initialization          cinit        0017BC
__end_of_adc_read                 text14       001726
__end_of_clearLcd                 text10       0017BC
__end_of_gotoLcd                  text11       0017D6
__end_of_high_priority_interrupt  intcode_body 0015C6
__end_of_initConfigs              text9        001652
__end_of_main                     text0        000CE2
__end_of_sendLcd                  text13       0017E8
__end_of_tmr0_flag                text19       0017E2
__end_of_writeCStringLcd          text8        00177E
__end_of_writeLcd                 text12       0016F2
__end_of_writeStringLcd           text7        001752
__end_of_writeValueLcd            text1        001036
__initialization                  cinit        0017BC
__mediumconst                     mediumconst  000000
__pcinit                          cinit        0017BC
__pcstackCOMRAM                   cstackCOMRAM 000001
__pintcode                        intcode      000008
__pintcode_body                   intcode_body 00152A
__psmallconst                     smallconst   000800
__ptext0                          text0        000856
__ptext1                          text1        000CE2
__ptext10                         text10       0017A2
__ptext11                         text11       0017CA
__ptext12                         text12       0016A8
__ptext13                         text13       0017E2
__ptext14                         text14       0016F2
__ptext15                         text15       00177E
__ptext16                         text16       00121E
__ptext17                         text17       0013D0
__ptext19                         text19       0017D6
__ptext2                          text2        001652
__ptext3                          text3        001036
__ptext4                          text4        00112A
__ptext5                          text5        00147E
__ptext6                          text6        001304
__ptext7                          text7        001726
__ptext8                          text8        001752
__ptext9                          text9        0015C6
__ramtop                          ramtop       000800
__size_of___aldiv                 (abs)        000000
__size_of___almod                 (abs)        000000
__size_of___ftdiv                 (abs)        000000
__size_of___ftmul                 (abs)        000000
__size_of___ftpack                (abs)        000000
__size_of___fttol                 (abs)        000000
__size_of___lmul                  (abs)        000000
__size_of___lwtoft                (abs)        000000
__size_of_adc_read                (abs)        000000
__size_of_clearLcd                (abs)        000000
__size_of_gotoLcd                 (abs)        000000
__size_of_high_priority_interrupt (abs)        000000
__size_of_initConfigs             (abs)        000000
__size_of_main                    (abs)        000000
__size_of_sendLcd                 (abs)        000000
__size_of_tmr0_flag               (abs)        000000
__size_of_writeCStringLcd         (abs)        000000
__size_of_writeLcd                (abs)        000000
__size_of_writeStringLcd          (abs)        000000
__size_of_writeValueLcd           (abs)        000000
__smallconst                      smallconst   000800
_adc_read                         text14       0016F2
_clearLcd                         text10       0017A2
_gotoLcd                          text11       0017CA
_high_priority_interrupt          intcode      000008
_initConfigs                      text9        0015C6
_main                             text0        000856
_sendLcd                          text13       0017E2
_tmr0_flag                        text19       0017D6
_writeCStringLcd                  text8        001752
_writeLcd                         text12       0016A8
_writeStringLcd                   text7        001726
_writeValueLcd                    text1        000CE2
adc_read@canal                    cstackCOMRAM 000017
adc_read@x                        cstackCOMRAM 000018
adc_read@y                        cstackCOMRAM 000019
btemp                             temp         00004C
end_of_initialization             cinit        0017BC
gotoLcd@pos                       cstackCOMRAM 000015
int$flags                         temp         00004C
int_func                          intcode_body 00152A
intlevel0                         text         000000
intlevel1                         text         000000
intlevel2                         text         000000
intlevel3                         text         000000
main@valor                        cstackCOMRAM 000049
stackhi                           (abs)        0007FF
stacklo                           (abs)        000060
start                             init         00000E
start_initialization              cinit        0017BC
writeCStringLcd@s                 cstackCOMRAM 000015
writeLcd@c                        cstackCOMRAM 000014
writeStringLcd@s                  cstackCOMRAM 000015
writeValueLcd@val                 cstackCOMRAM 00003C
writeValueLcd@x                   cstackCOMRAM 000043
wtemp6                            temp         00004D


FUNCTION INFORMATION:

 *************** function _main *****************
 Defined at:
		line 16 in file "main.c"
 Parameters:    Size  Location     Type
		None
 Auto vars:     Size  Location     Type
  str             7    0        unsigned char [7]
  valor           3   72[COMRAM] float 
  val             2    0        unsigned char [2]
 Return value:  Size  Location     Type
                  1    wreg      void 
 Registers used:
		wreg, status,2, status,0, tblptrl, tblptrh, tblptru, cstack
 Tracked objects:
		On entry : 
		On exit  : 
		Unchanged: 
 Data sizes:     COMRAM   BANK0   BANK1   BANK2   BANK3   BANK4   BANK5   BANK6   BANK7
      Params:         0       0       0       0       0       0       0       0       0
      Locals:         3       0       0       0       0       0       0       0       0
      Temps:          2       0       0       0       0       0       0       0       0
      Totals:         5       0       0       0       0       0       0       0       0
Total ram usage:        5 bytes
 Hardware stack levels required when called:    6
 This function calls:
		___ftdiv
		___ftmul
		___lwtoft
		_adc_read
		_clearLcd
		_gotoLcd
		_initConfigs
		_writeCStringLcd
		_writeStringLcd
		_writeValueLcd
 This function is called by:
		Startup code after reset
 This function uses a non-reentrant model


 *************** function _writeValueLcd *****************
 Defined at:
		line 53 in file "lcd.c"
 Parameters:    Size  Location     Type
  val             3   59[COMRAM] float 
 Auto vars:     Size  Location     Type
  x               4   66[COMRAM] long 
 Return value:  Size  Location     Type
                  1    wreg      void 
 Registers used:
		wreg, status,2, status,0, cstack
 Tracked objects:
		On entry : 
		On exit  : 
		Unchanged: 
 Data sizes:     COMRAM   BANK0   BANK1   BANK2   BANK3   BANK4   BANK5   BANK6   BANK7
      Params:         3       0       0       0       0       0       0       0       0
      Locals:         4       0       0       0       0       0       0       0       0
      Temps:          4       0       0       0       0       0       0       0       0
      Totals:        11       0       0       0       0       0       0       0       0
Total ram usage:       11 bytes
 Hardware stack levels used:    1
 Hardware stack levels required when called:    4
 This function calls:
		___aldiv
		___almod
		___ftmul
		___fttol
		___lmul
		_writeLcd
 This function is called by:
		_main
 This function uses a non-reentrant model


 *************** function ___lmul *****************
 Defined at:
		line 15 in file "C:\Program Files (x86)\Microchip\xc8\v1.45\sources\common\Umul32.c"
 Parameters:    Size  Location     Type
  multiplier      4   18[COMRAM] unsigned long 
  multiplicand    4   22[COMRAM] unsigned long 
 Auto vars:     Size  Location     Type
  product         4   26[COMRAM] unsigned long 
 Return value:  Size  Location     Type
                  4   18[COMRAM] unsigned long 
 Registers used:
		wreg, status,2, status,0
 Tracked objects:
		On entry : 
		On exit  : 
		Unchanged: 
 Data sizes:     COMRAM   BANK0   BANK1   BANK2   BANK3   BANK4   BANK5   BANK6   BANK7
      Params:         8       0       0       0       0       0       0       0       0
      Locals:         4       0       0       0       0       0       0       0       0
      Temps:          0       0       0       0       0       0       0       0       0
      Totals:        12       0       0       0       0       0       0       0       0
Total ram usage:       12 bytes
 Hardware stack levels used:    1
 Hardware stack levels required when called:    2
 This function calls:
		Nothing
 This function is called by:
		_writeValueLcd
 This function uses a non-reentrant model


 *************** function ___fttol *****************
 Defined at:
		line 44 in file "C:\Program Files (x86)\Microchip\xc8\v1.45\sources\common\fttol.c"
 Parameters:    Size  Location     Type
  f1              3   44[COMRAM] float 
 Auto vars:     Size  Location     Type
  lval            4   54[COMRAM] unsigned long 
  exp1            1   58[COMRAM] unsigned char 
  sign1           1   53[COMRAM] unsigned char 
 Return value:  Size  Location     Type
                  4   44[COMRAM] long 
 Registers used:
		wreg, status,2, status,0
 Tracked objects:
		On entry : 
		On exit  : 
		Unchanged: 
 Data sizes:     COMRAM   BANK0   BANK1   BANK2   BANK3   BANK4   BANK5   BANK6   BANK7
      Params:         4       0       0       0       0       0       0       0       0
      Locals:         6       0       0       0       0       0       0       0       0
      Temps:          5       0       0       0       0       0       0       0       0
      Totals:        15       0       0       0       0       0       0       0       0
Total ram usage:       15 bytes
 Hardware stack levels used:    1
 Hardware stack levels required when called:    2
 This function calls:
		Nothing
 This function is called by:
		_writeValueLcd
 This function uses a non-reentrant model


 *************** function ___ftmul *****************
 Defined at:
		line 62 in file "C:\Program Files (x86)\Microchip\xc8\v1.45\sources\common\ftmul.c"
 Parameters:    Size  Location     Type
  f1              3   29[COMRAM] float 
  f2              3   32[COMRAM] float 
 Auto vars:     Size  Location     Type
  f3_as_produc    3   39[COMRAM] unsigned um
  sign            1   43[COMRAM] unsigned char 
  cntr            1   42[COMRAM] unsigned char 
  exp             1   38[COMRAM] unsigned char 
 Return value:  Size  Location     Type
                  3   29[COMRAM] float 
 Registers used:
		wreg, status,2, status,0, cstack
 Tracked objects:
		On entry : 
		On exit  : 
		Unchanged: 
 Data sizes:     COMRAM   BANK0   BANK1   BANK2   BANK3   BANK4   BANK5   BANK6   BANK7
      Params:         6       0       0       0       0       0       0       0       0
      Locals:         6       0       0       0       0       0       0       0       0
      Temps:          3       0       0       0       0       0       0       0       0
      Totals:        15       0       0       0       0       0       0       0       0
Total ram usage:       15 bytes
 Hardware stack levels used:    1
 Hardware stack levels required when called:    3
 This function calls:
		___ftpack
 This function is called by:
		_main
		_writeValueLcd
 This function uses a non-reentrant model


 *************** function ___almod *****************
 Defined at:
		line 8 in file "C:\Program Files (x86)\Microchip\xc8\v1.45\sources\common\almod.c"
 Parameters:    Size  Location     Type
  dividend        4   18[COMRAM] long 
  divisor         4   22[COMRAM] long 
 Auto vars:     Size  Location     Type
  sign            1   27[COMRAM] unsigned char 
  counter         1   26[COMRAM] unsigned char 
 Return value:  Size  Location     Type
                  4   18[COMRAM] long 
 Registers used:
		wreg, status,2, status,0
 Tracked objects:
		On entry : 
		On exit  : 
		Unchanged: 
 Data sizes:     COMRAM   BANK0   BANK1   BANK2   BANK3   BANK4   BANK5   BANK6   BANK7
      Params:         8       0       0       0       0       0       0       0       0
      Locals:         2       0       0       0       0       0       0       0       0
      Temps:          0       0       0       0       0       0       0       0       0
      Totals:        10       0       0       0       0       0       0       0       0
Total ram usage:       10 bytes
 Hardware stack levels used:    1
 Hardware stack levels required when called:    2
 This function calls:
		Nothing
 This function is called by:
		_writeValueLcd
 This function uses a non-reentrant model


 *************** function ___aldiv *****************
 Defined at:
		line 8 in file "C:\Program Files (x86)\Microchip\xc8\v1.45\sources\common\aldiv.c"
 Parameters:    Size  Location     Type
  dividend        4   28[COMRAM] long 
  divisor         4   32[COMRAM] long 
 Auto vars:     Size  Location     Type
  quotient        4   38[COMRAM] long 
  sign            1   37[COMRAM] unsigned char 
  counter         1   36[COMRAM] unsigned char 
 Return value:  Size  Location     Type
                  4   28[COMRAM] long 
 Registers used:
		wreg, status,2, status,0
 Tracked objects:
		On entry : 
		On exit  : 
		Unchanged: 
 Data sizes:     COMRAM   BANK0   BANK1   BANK2   BANK3   BANK4   BANK5   BANK6   BANK7
      Params:         8       0       0       0       0       0       0       0       0
      Locals:         6       0       0       0       0       0       0       0       0
      Temps:          0       0       0       0       0       0       0       0       0
      Totals:        14       0       0       0       0       0       0       0       0
Total ram usage:       14 bytes
 Hardware stack levels used:    1
 Hardware stack levels required when called:    2
 This function calls:
		Nothing
 This function is called by:
		_writeValueLcd
 This function uses a non-reentrant model


 *************** function _writeStringLcd *****************
 Defined at:
		line 47 in file "lcd.c"
 Parameters:    Size  Location     Type
  s               2   20[COMRAM] PTR unsigned char 
		 -> STR_14(2), STR_13(10), STR_12(2), STR_11(10), 
		 -> STR_10(2), STR_9(10), STR_8(2), STR_7(10), 
		 -> STR_6(2), STR_5(10), STR_4(2), STR_3(10), 
 Auto vars:     Size  Location     Type
		None
 Return value:  Size  Location     Type
                  1    wreg      void 
 Registers used:
		wreg, status,2, status,0, tblptrl, tblptrh, tblptru, cstack
 Tracked objects:
		On entry : 
		On exit  : 
		Unchanged: 
 Data sizes:     COMRAM   BANK0   BANK1   BANK2   BANK3   BANK4   BANK5   BANK6   BANK7
      Params:         2       0       0       0       0       0       0       0       0
      Locals:         0       0       0       0       0       0       0       0       0
      Temps:          0       0       0       0       0       0       0       0       0
      Totals:         2       0       0       0       0       0       0       0       0
Total ram usage:        2 bytes
 Hardware stack levels used:    1
 Hardware stack levels required when called:    4
 This function calls:
		_writeLcd
 This function is called by:
		_main
 This function uses a non-reentrant model


 *************** function _writeCStringLcd *****************
 Defined at:
		line 41 in file "lcd.c"
 Parameters:    Size  Location     Type
  s               2   20[COMRAM] PTR const unsigned char 
		 -> STR_2(17), STR_1(5), 
 Auto vars:     Size  Location     Type
		None
 Return value:  Size  Location     Type
                  1    wreg      void 
 Registers used:
		wreg, status,2, status,0, tblptrl, tblptrh, tblptru, cstack
 Tracked objects:
		On entry : 
		On exit  : 
		Unchanged: 
 Data sizes:     COMRAM   BANK0   BANK1   BANK2   BANK3   BANK4   BANK5   BANK6   BANK7
      Params:         2       0       0       0       0       0       0       0       0
      Locals:         0       0       0       0       0       0       0       0       0
      Temps:          0       0       0       0       0       0       0       0       0
      Totals:         2       0       0       0       0       0       0       0       0
Total ram usage:        2 bytes
 Hardware stack levels used:    1
 Hardware stack levels required when called:    4
 This function calls:
		_writeLcd
 This function is called by:
		_main
 This function uses a non-reentrant model


 *************** function _initConfigs *****************
 Defined at:
		line 13 in file "preset.c"
 Parameters:    Size  Location     Type
		None
 Auto vars:     Size  Location     Type
		None
 Return value:  Size  Location     Type
                  1    wreg      void 
 Registers used:
		wreg, status,2, status,0, cstack
 Tracked objects:
		On entry : 
		On exit  : 
		Unchanged: 
 Data sizes:     COMRAM   BANK0   BANK1   BANK2   BANK3   BANK4   BANK5   BANK6   BANK7
      Params:         0       0       0       0       0       0       0       0       0
      Locals:         0       0       0       0       0       0       0       0       0
      Temps:          2       0       0       0       0       0       0       0       0
      Totals:         2       0       0       0       0       0       0       0       0
Total ram usage:        2 bytes
 Hardware stack levels used:    1
 Hardware stack levels required when called:    5
 This function calls:
		_clearLcd
		_writeLcd
 This function is called by:
		_main
 This function uses a non-reentrant model


 *************** function _clearLcd *****************
 Defined at:
		line 25 in file "lcd.c"
 Parameters:    Size  Location     Type
		None
 Auto vars:     Size  Location     Type
		None
 Return value:  Size  Location     Type
                  1    wreg      void 
 Registers used:
		wreg, status,2, status,0, cstack
 Tracked objects:
		On entry : 
		On exit  : 
		Unchanged: 
 Data sizes:     COMRAM   BANK0   BANK1   BANK2   BANK3   BANK4   BANK5   BANK6   BANK7
      Params:         0       0       0       0       0       0       0       0       0
      Locals:         0       0       0       0       0       0       0       0       0
      Temps:          1       0       0       0       0       0       0       0       0
      Totals:         1       0       0       0       0       0       0       0       0
Total ram usage:        1 bytes
 Hardware stack levels used:    1
 Hardware stack levels required when called:    4
 This function calls:
		_writeLcd
 This function is called by:
		_main
		_initConfigs
 This function uses a non-reentrant model


 *************** function _gotoLcd *****************
 Defined at:
		line 31 in file "lcd.c"
 Parameters:    Size  Location     Type
  pos             1    wreg     unsigned char 
 Auto vars:     Size  Location     Type
  pos             1   20[COMRAM] unsigned char 
 Return value:  Size  Location     Type
                  1    wreg      void 
 Registers used:
		wreg, status,2, status,0, cstack
 Tracked objects:
		On entry : 
		On exit  : 
		Unchanged: 
 Data sizes:     COMRAM   BANK0   BANK1   BANK2   BANK3   BANK4   BANK5   BANK6   BANK7
      Params:         0       0       0       0       0       0       0       0       0
      Locals:         1       0       0       0       0       0       0       0       0
      Temps:          0       0       0       0       0       0       0       0       0
      Totals:         1       0       0       0       0       0       0       0       0
Total ram usage:        1 bytes
 Hardware stack levels used:    1
 Hardware stack levels required when called:    4
 This function calls:
		_writeLcd
 This function is called by:
		_main
 This function uses a non-reentrant model


 *************** function _writeLcd *****************
 Defined at:
		line 16 in file "lcd.c"
 Parameters:    Size  Location     Type
  c               1    wreg     unsigned char 
 Auto vars:     Size  Location     Type
  c               1   19[COMRAM] unsigned char 
 Return value:  Size  Location     Type
                  1    wreg      void 
 Registers used:
		wreg, status,2, status,0, cstack
 Tracked objects:
		On entry : 
		On exit  : 
		Unchanged: 
 Data sizes:     COMRAM   BANK0   BANK1   BANK2   BANK3   BANK4   BANK5   BANK6   BANK7
      Params:         0       0       0       0       0       0       0       0       0
      Locals:         1       0       0       0       0       0       0       0       0
      Temps:          1       0       0       0       0       0       0       0       0
      Totals:         2       0       0       0       0       0       0       0       0
Total ram usage:        2 bytes
 Hardware stack levels used:    1
 Hardware stack levels required when called:    3
 This function calls:
		_sendLcd
 This function is called by:
		_initConfigs
		_clearLcd
		_gotoLcd
		_writeCStringLcd
		_writeStringLcd
		_writeValueLcd
 This function uses a non-reentrant model


 *************** function _sendLcd *****************
 Defined at:
		line 11 in file "lcd.c"
 Parameters:    Size  Location     Type
		None
 Auto vars:     Size  Location     Type
		None
 Return value:  Size  Location     Type
                  1    wreg      void 
 Registers used:
		None
 Tracked objects:
		On entry : 
		On exit  : 
		Unchanged: 
 Data sizes:     COMRAM   BANK0   BANK1   BANK2   BANK3   BANK4   BANK5   BANK6   BANK7
      Params:         0       0       0       0       0       0       0       0       0
      Locals:         0       0       0       0       0       0       0       0       0
      Temps:          0       0       0       0       0       0       0       0       0
      Totals:         0       0       0       0       0       0       0       0       0
Total ram usage:        0 bytes
 Hardware stack levels used:    1
 Hardware stack levels required when called:    2
 This function calls:
		Nothing
 This function is called by:
		_writeLcd
 This function uses a non-reentrant model


 *************** function _adc_read *****************
 Defined at:
		line 11 in file "adc.c"
 Parameters:    Size  Location     Type
  canal           1    wreg     unsigned char 
 Auto vars:     Size  Location     Type
  canal           1   22[COMRAM] unsigned char 
  y               1   24[COMRAM] unsigned char 
  x               1   23[COMRAM] unsigned char 
 Return value:  Size  Location     Type
                  2   18[COMRAM] unsigned int 
 Registers used:
		wreg, status,2, status,0
 Tracked objects:
		On entry : 
		On exit  : 
		Unchanged: 
 Data sizes:     COMRAM   BANK0   BANK1   BANK2   BANK3   BANK4   BANK5   BANK6   BANK7
      Params:         2       0       0       0       0       0       0       0       0
      Locals:         3       0       0       0       0       0       0       0       0
      Temps:          2       0       0       0       0       0       0       0       0
      Totals:         7       0       0       0       0       0       0       0       0
Total ram usage:        7 bytes
 Hardware stack levels used:    1
 Hardware stack levels required when called:    2
 This function calls:
		Nothing
 This function is called by:
		_main
 This function uses a non-reentrant model


 *************** function ___lwtoft *****************
 Defined at:
		line 28 in file "C:\Program Files (x86)\Microchip\xc8\v1.45\sources\common\lwtoft.c"
 Parameters:    Size  Location     Type
  c               2   26[COMRAM] unsigned int 
 Auto vars:     Size  Location     Type
		None
 Return value:  Size  Location     Type
                  3   26[COMRAM] float 
 Registers used:
		wreg, status,2, status,0, cstack
 Tracked objects:
		On entry : 
		On exit  : 
		Unchanged: 
 Data sizes:     COMRAM   BANK0   BANK1   BANK2   BANK3   BANK4   BANK5   BANK6   BANK7
      Params:         3       0       0       0       0       0       0       0       0
      Locals:         0       0       0       0       0       0       0       0       0
      Temps:          0       0       0       0       0       0       0       0       0
      Totals:         3       0       0       0       0       0       0       0       0
Total ram usage:        3 bytes
 Hardware stack levels used:    1
 Hardware stack levels required when called:    3
 This function calls:
		___ftpack
 This function is called by:
		_main
 This function uses a non-reentrant model


 *************** function ___ftdiv *****************
 Defined at:
		line 54 in file "C:\Program Files (x86)\Microchip\xc8\v1.45\sources\common\ftdiv.c"
 Parameters:    Size  Location     Type
  f1              3   44[COMRAM] float 
  f2              3   47[COMRAM] float 
 Auto vars:     Size  Location     Type
  f3              3   54[COMRAM] float 
  sign            1   58[COMRAM] unsigned char 
  exp             1   57[COMRAM] unsigned char 
  cntr            1   53[COMRAM] unsigned char 
 Return value:  Size  Location     Type
                  3   44[COMRAM] float 
 Registers used:
		wreg, status,2, status,0, cstack
 Tracked objects:
		On entry : 
		On exit  : 
		Unchanged: 
 Data sizes:     COMRAM   BANK0   BANK1   BANK2   BANK3   BANK4   BANK5   BANK6   BANK7
      Params:         6       0       0       0       0       0       0       0       0
      Locals:         6       0       0       0       0       0       0       0       0
      Temps:          3       0       0       0       0       0       0       0       0
      Totals:        15       0       0       0       0       0       0       0       0
Total ram usage:       15 bytes
 Hardware stack levels used:    1
 Hardware stack levels required when called:    3
 This function calls:
		___ftpack
 This function is called by:
		_main
 This function uses a non-reentrant model


 *************** function ___ftpack *****************
 Defined at:
		line 62 in file "C:\Program Files (x86)\Microchip\xc8\v1.45\sources\common\float.c"
 Parameters:    Size  Location     Type
  arg             3   18[COMRAM] unsigned um
  exp             1   21[COMRAM] unsigned char 
  sign            1   22[COMRAM] unsigned char 
 Auto vars:     Size  Location     Type
		None
 Return value:  Size  Location     Type
                  3   18[COMRAM] float 
 Registers used:
		wreg, status,2, status,0
 Tracked objects:
		On entry : 
		On exit  : 
		Unchanged: 
 Data sizes:     COMRAM   BANK0   BANK1   BANK2   BANK3   BANK4   BANK5   BANK6   BANK7
      Params:         5       0       0       0       0       0       0       0       0
      Locals:         0       0       0       0       0       0       0       0       0
      Temps:          3       0       0       0       0       0       0       0       0
      Totals:         8       0       0       0       0       0       0       0       0
Total ram usage:        8 bytes
 Hardware stack levels used:    1
 Hardware stack levels required when called:    2
 This function calls:
		Nothing
 This function is called by:
		___ftdiv
		___ftmul
		___lwtoft
 This function uses a non-reentrant model


 *************** function _high_priority_interrupt *****************
 Defined at:
		line 56 in file "preset.c"
 Parameters:    Size  Location     Type
		None
 Auto vars:     Size  Location     Type
		None
 Return value:  Size  Location     Type
                  1    wreg      void 
 Registers used:
		wreg, status,2, cstack
 Tracked objects:
		On entry : 
		On exit  : 
		Unchanged: 
 Data sizes:     COMRAM   BANK0   BANK1   BANK2   BANK3   BANK4   BANK5   BANK6   BANK7
      Params:         0       0       0       0       0       0       0       0       0
      Locals:         0       0       0       0       0       0       0       0       0
      Temps:         18       0       0       0       0       0       0       0       0
      Totals:        18       0       0       0       0       0       0       0       0
Total ram usage:       18 bytes
 Hardware stack levels used:    1
 Hardware stack levels required when called:    1
 This function calls:
		_tmr0_flag
 This function is called by:
		Interrupt level 2
 This function uses a non-reentrant model


 *************** function _tmr0_flag *****************
 Defined at:
		line 10 in file "timer.c"
 Parameters:    Size  Location     Type
		None
 Auto vars:     Size  Location     Type
		None
 Return value:  Size  Location     Type
                  1    wreg      void 
 Registers used:
		wreg, status,2
 Tracked objects:
		On entry : 
		On exit  : 
		Unchanged: 
 Data sizes:     COMRAM   BANK0   BANK1   BANK2   BANK3   BANK4   BANK5   BANK6   BANK7
      Params:         0       0       0       0       0       0       0       0       0
      Locals:         0       0       0       0       0       0       0       0       0
      Temps:          0       0       0       0       0       0       0       0       0
      Totals:         0       0       0       0       0       0       0       0       0
Total ram usage:        0 bytes
 Hardware stack levels used:    1
 This function calls:
		Nothing
 This function is called by:
		_high_priority_interrupt
 This function uses a non-reentrant model



MODULE INFORMATION

Module		Function		Class		Link	Load	Size
C:\Program Files (x86)\Microchip\xc8\v1.45\sources\common\float.c
		___ftpack      		CODE           	13D0	0000	175

C:\Program Files (x86)\Microchip\xc8\v1.45\sources\common\float.c estimated size: 175

timer.c
		_tmr0_flag     		CODE           	17D6	0000	13

timer.c estimated size: 13

C:\Program Files (x86)\Microchip\xc8\v1.45\sources\common\ftmul.c
		___ftmul       		CODE           	112A	0000	245

C:\Program Files (x86)\Microchip\xc8\v1.45\sources\common\ftmul.c estimated size: 245

C:\Program Files (x86)\Microchip\xc8\v1.45\sources\common\ftdiv.c
		___ftdiv       		CODE           	121E	0000	231

C:\Program Files (x86)\Microchip\xc8\v1.45\sources\common\ftdiv.c estimated size: 231

adc.c
		_adc_read      		CODE           	16F2	0000	53

adc.c estimated size: 53

C:\Program Files (x86)\Microchip\xc8\v1.45\sources\common\almod.c
		___almod       		CODE           	147E	0000	173

C:\Program Files (x86)\Microchip\xc8\v1.45\sources\common\almod.c estimated size: 173

C:\Program Files (x86)\Microchip\xc8\v1.45\sources\common\Umul32.c
		___lmul        		CODE           	1652	0000	87

C:\Program Files (x86)\Microchip\xc8\v1.45\sources\common\Umul32.c estimated size: 87

shared
		__initialization		CODE           	17BC	0000	1

shared estimated size: 1

C:\Program Files (x86)\Microchip\xc8\v1.45\sources\common\fttol.c
		___fttol       		CODE           	1036	0000	245

C:\Program Files (x86)\Microchip\xc8\v1.45\sources\common\fttol.c estimated size: 245

lcd.c
		_gotoLcd       		CODE           	17CA	0000	13
		_writeValueLcd 		CODE           	0CE2	0000	853
		_writeStringLcd		CODE           	1726	0000	45
		_writeCStringLcd		CODE           	1752	0000	45
		_sendLcd       		CODE           	17E2	0000	7
		_writeLcd      		CODE           	16A8	0000	75
		_clearLcd      		CODE           	17A2	0000	27

lcd.c estimated size: 1065

C:\Program Files (x86)\Microchip\xc8\v1.45\sources\common\aldiv.c
		___aldiv       		CODE           	1304	0000	205

C:\Program Files (x86)\Microchip\xc8\v1.45\sources\common\aldiv.c estimated size: 205

preset.c
		_initConfigs   		CODE           	15C6	0000	141
		_high_priority_interrupt		CODE           	0008	0000	163

preset.c estimated size: 304

main.c
		_main          		CODE           	0856	0000	1165

main.c estimated size: 1165

C:\Program Files (x86)\Microchip\xc8\v1.45\sources\common\lwtoft.c
		___lwtoft      		CODE           	177E	0000	37

C:\Program Files (x86)\Microchip\xc8\v1.45\sources\common\lwtoft.c estimated size: 37

