Microchip MPLAB XC8 Compiler V1.45 ()

Linker command line:

-W-3 --edf=C:\Program Files (x86)\Microchip\xc8\v1.45\dat\en_msgs.txt -cs \
  -h+dist/free/production\TCC.X.production.sym \
  --cmf=dist/free/production\TCC.X.production.cmf -z -Q18F4550 \
  -oC:\Users\Thor\AppData\Local\Temp\s1m8.2 \
  -Mdist/free/production/TCC.X.production.map -E1 -ver=XC8 \
  -ASTACK=099h-07ffh -pstack=STACK -ACODE=00h-07FFFh -ACONST=00h-07FFFh \
  -ASMALLCONST=0800h-08FFhx120 -AMEDIUMCONST=0800h-07FFFh -ACOMRAM=01h-05Fh \
  -AABS1=00h-07FFh -ABIGRAM=01h-07FFh -ARAM=060h-0FFh,0100h-01FFhx7 \
  -ABANK0=060h-0FFh -ABANK1=0100h-01FFh -ABANK2=0200h-02FFh \
  -ABANK3=0300h-03FFh -ABANK4=0400h-04FFh -ABANK5=0500h-05FFh \
  -ABANK6=0600h-06FFh -ABANK7=0700h-07FFh -ASFR=0F60h-0FFFh \
  -preset_vec=00h,intcode=08h,intcodelo,powerup,init -pramtop=0800h \
  -psmallconst=SMALLCONST -pmediumconst=MEDIUMCONST -pconst=CONST \
  -AFARRAM=00h-00h -ACONFIG=0300000h-030000Dh -pconfig=CONFIG \
  -AIDLOC=0200000h-0200007h -pidloc=IDLOC -AEEDATA=0F00000h-0F000FFh \
  -peeprom_data=EEDATA \
  -prdata=COMRAM,nvrram=COMRAM,nvbit=COMRAM,rbss=COMRAM,rbit=COMRAM \
  -pfarbss=FARRAM,fardata=FARRAM,nvFARRAM=FARRAM \
  -pintsave_regs=BIGRAM,bigbss=BIGRAM,bigdata=BIGRAM -pbss=RAM \
  -pidata=CODE,irdata=CODE,ibigdata=CODE,ifardata=CODE -prparam=COMRAM \
  C:\Users\Thor\AppData\Local\Temp\s1m8.obj \
  dist/free/production\TCC.X.production.obj 

Object code version is 3.11

Machine type is 18F4550

Call graph: (short form)




                Name                               Link     Load   Length Selector   Space Scale
C:\Users\Thor\AppData\Local\Temp\s1m8.obj
                init                                  E        E        4        4       0
                reset_vec                             0        0        4        0       0
                idloc                            200000   200000        8   200000       0
                config                           300000   300000        E   300000       0
dist/free/production\TCC.X.production.obj
                intcode                               8        8        6        4       0
                temp                                 3F       3F        1        1       1
                smallconst                          800      800       56      400       0
                text22                             195A     195A       52      42B       0
                text21                             1A9C     1A9C       26      42B       0
                text20                             19E6     19E6       34      42B       0
                text19                             10AE     10AE      1D4      42B       0
                intcode_body                       1784     1784       9C      42B       0
                text17                             1626     1626       B0      42B       0
                text16                             1470     1470       E8      42B       0
                text15                             1A76     1A76       26      42B       0
                text14                             19AC     19AC       3A      42B       0
                text13                             1AFC     1AFC        6      42B       0
                text12                             1908     1908       52      42B       0
                text11                             1ADE     1ADE       10      42B       0
                text10                             1AC2     1AC2       1C      42B       0
                text9                              1820     1820       90      42B       0
                text8                              1A48     1A48       2E      42B       0
                text7                              1A1A     1A1A       2E      42B       0
                text6                              1558     1558       CE      42B       0
                text5                              16D6     16D6       AE      42B       0
                text4                              137A     137A       F6      42B       0
                text3                              1282     1282       F8      42B       0
                text2                              18B0     18B0       58      42B       0
                text1                               D32      D32      37C      42B       0
                text0                               856      856      4DC      42B       0
                cstackCOMRAM                          1        1       3E        1       1
                cstackBANK0                          60       60       39       60       1
                cinit                              1AEE     1AEE        E      42B       0

TOTAL           Name                               Link     Load   Length     Space
        CLASS   STACK          

        CLASS   CODE           
                intcode                               8        8        6         0
                init                                  E        E        4         0
                reset_vec                             0        0        4         0
                text22                             195A     195A       52         0
                text21                             1A9C     1A9C       26         0
                text20                             19E6     19E6       34         0
                text19                             10AE     10AE      1D4         0
                intcode_body                       1784     1784       9C         0
                text17                             1626     1626       B0         0
                text16                             1470     1470       E8         0
                text15                             1A76     1A76       26         0
                text14                             19AC     19AC       3A         0
                text13                             1AFC     1AFC        6         0
                text12                             1908     1908       52         0
                text11                             1ADE     1ADE       10         0
                text10                             1AC2     1AC2       1C         0
                text9                              1820     1820       90         0
                text8                              1A48     1A48       2E         0
                text7                              1A1A     1A1A       2E         0
                text6                              1558     1558       CE         0
                text5                              16D6     16D6       AE         0
                text4                              137A     137A       F6         0
                text3                              1282     1282       F8         0
                text2                              18B0     18B0       58         0
                text1                               D32      D32      37C         0
                text0                               856      856      4DC         0
                cinit                              1AEE     1AEE        E         0

        CLASS   CONST          

        CLASS   SMALLCONST     
                smallconst                          800      800       56         0

        CLASS   MEDIUMCONST    

        CLASS   COMRAM         
                temp                                 3F       3F        1         1
                cstackCOMRAM                          1        1       3E         1

        CLASS   ABS1           

        CLASS   BIGRAM         

        CLASS   RAM            

        CLASS   BANK0          
                cstackBANK0                          60       60       39         1

        CLASS   BANK1          

        CLASS   BANK2          

        CLASS   BANK3          

        CLASS   BANK4          

        CLASS   BANK5          

        CLASS   BANK6          

        CLASS   BANK7          

        CLASS   SFR            

        CLASS   FARRAM         

        CLASS   CONFIG         
                config                           300000   300000        E         0

        CLASS   IDLOC          
                idloc                            200000   200000        8         0

        CLASS   EEDATA         



SEGMENTS        Name                           Load    Length   Top    Selector   Space  Class

                reset_vec                      000000  000004  000004         0       0  CODE    
                cstackCOMRAM                   000001  00003F  000040         1       1  COMRAM  
                intcode                        000008  00000A  000012         4       0  CODE    
                cstackBANK0                    000060  000039  000099        60       1  BANK0   
                smallconst                     000800  000056  000856       400       0  SMALLCON
                text0                          000856  0012AC  001B02       42B       0  CODE    
                idloc                          200000  000008  200008    200000       0  IDLOC   
                config                         300000  00000E  30000E    300000       0  CONFIG  


UNUSED ADDRESS RANGES

        Name                Unused          Largest block    Delta
        BANK0            000099-0000FF               67
        BANK1            000100-0001FF              100
        BANK2            000200-0002FF              100
        BANK3            000300-0003FF              100
        BANK4            000400-0004FF              100
        BANK5            000500-0005FF              100
        BANK6            000600-0006FF              100
        BANK7            000700-0007FF              100
        BIGRAM           000040-00005F               20
                         000099-0007FF              767
        CODE             000004-000007                4
                         000012-0007FF              7EE
                         001B02-007FFF             64FE
        COMRAM           000040-00005F               20
        CONST            000004-000007                4
                         000012-0007FF              7EE
                         001B02-007FFF             64FE
        EEDATA           F00000-F000FF              100
        MEDIUMCONST      001B02-007FFF             64FE
        RAM              000099-0007FF              100
        SFR              000F60-000FFF               A0
        SMALLCONST       001B02-007FFF              100
        STACK            000099-0007FF              767

                                  Symbol Table

?___aldiv                         cstackBANK0  00006A
?___almod                         cstackBANK0  000060
?___ftdiv                         cstackBANK0  00007A
?___ftmul                         cstackBANK0  00006B
?___ftpack                        cstackBANK0  000060
?___fttol                         cstackBANK0  00007A
?___lmul                          cstackBANK0  000060
?___lwdiv                         cstackCOMRAM 00000E
?___lwtoft                        cstackBANK0  000068
?___wmul                          cstackCOMRAM 000008
?_adc_read                        cstackBANK0  000060
?i2_adc_read                      cstackCOMRAM 000001
_ADCON0                           (abs)        000FC2
_ADCON0bits                       (abs)        000FC2
_ADCON1                           (abs)        000FC1
_ADCON2                           (abs)        000FC0
_ADRESH                           (abs)        000FC4
_ADRESL                           (abs)        000FC3
_CMCON                            (abs)        000FB4
_INTCON                           (abs)        000FF2
_INTCONbits                       (abs)        000FF2
_LATB                             (abs)        000F8A
_LATBbits                         (abs)        000F8A
_LATC                             (abs)        000F8B
_LATCbits                         (abs)        000F8B
_LATD                             (abs)        000F8C
_LATDbits                         (abs)        000F8C
_T0CON                            (abs)        000FD5
_TMR0H                            (abs)        000FD7
_TMR0L                            (abs)        000FD6
_TRISA                            (abs)        000F92
_TRISB                            (abs)        000F93
_TRISC                            (abs)        000F94
_TRISD                            (abs)        000F95
_TRISE                            (abs)        000F96
_UCON                             (abs)        000F6D
__CFG_CP0$OFF                     (abs)        000000
__CFG_CP1$OFF                     (abs)        000000
__CFG_CP2$OFF                     (abs)        000000
__CFG_CP3$OFF                     (abs)        000000
__CFG_CPB$OFF                     (abs)        000000
__CFG_CPD$OFF                     (abs)        000000
__CFG_CPUDIV$OSC1_PLL2            (abs)        000000
__CFG_DEBUG$ON                    (abs)        000000
__CFG_EBTR0$OFF                   (abs)        000000
__CFG_EBTR1$OFF                   (abs)        000000
__CFG_EBTR2$OFF                   (abs)        000000
__CFG_EBTR3$OFF                   (abs)        000000
__CFG_EBTRB$OFF                   (abs)        000000
__CFG_FOSC$HS                     (abs)        000000
__CFG_ICPRT$OFF                   (abs)        000000
__CFG_LVP$OFF                     (abs)        000000
__CFG_MCLRE$ON                    (abs)        000000
__CFG_PLLDIV$4                    (abs)        000000
__CFG_PWRT$ON                     (abs)        000000
__CFG_STVREN$ON                   (abs)        000000
__CFG_WDT$OFF                     (abs)        000000
__CFG_WRT0$OFF                    (abs)        000000
__CFG_WRT1$OFF                    (abs)        000000
__CFG_WRT2$OFF                    (abs)        000000
__CFG_WRT3$OFF                    (abs)        000000
__CFG_WRTB$OFF                    (abs)        000000
__CFG_WRTC$OFF                    (abs)        000000
__CFG_WRTD$OFF                    (abs)        000000
__CFG_XINST$OFF                   (abs)        000000
__HRAM                            (abs)        000000
__Habs1                           abs1         000000
__Hbank0                          bank0        000000
__Hbank1                          bank1        000000
__Hbank2                          bank2        000000
__Hbank3                          bank3        000000
__Hbank4                          bank4        000000
__Hbank5                          bank5        000000
__Hbank6                          bank6        000000
__Hbank7                          bank7        000000
__Hbigbss                         bigbss       000000
__Hbigdata                        bigdata      000000
__Hbigram                         bigram       000000
__Hbss                            bss          000000
__Hcinit                          cinit        000000
__Hclrtext                        clrtext      000000
__Hcomram                         comram       000000
__Hconfig                         config       30000E
__Hconst                          const        000000
__HcstackBANK0                    cstackBANK0  000000
__HcstackCOMRAM                   cstackCOMRAM 000000
__Hdata                           data         000000
__Heeprom_data                    eeprom_data  000000
__Hfarbss                         farbss       000000
__Hfardata                        fardata      000000
__Hibigdata                       ibigdata     000000
__Hidata                          idata        000000
__Hidloc                          idloc        200008
__Hifardata                       ifardata     000000
__Hinit                           init         000012
__Hintcode                        intcode      00000E
__Hintcode_body                   intcode_body 000000
__Hintcodelo                      intcodelo    00000E
__Hintentry                       intentry     000000
__Hintret                         intret       000000
__Hintsave_regs                   intsave_regs 000000
__Hirdata                         irdata       000000
__Hmediumconst                    mediumconst  000000
__HnvFARRAM                       nvFARRAM     000000
__Hnvbit                          nvbit        000000
__Hnvrram                         nvrram       000000
__Hparam                          rparam       000000
__Hpowerup                        powerup      00000E
__Hram                            ram          000000
__Hramtop                         ramtop       000800
__Hrbit                           rbit         000000
__Hrbss                           rbss         000000
__Hrdata                          rdata        000000
__Hreset_vec                      reset_vec    000004
__Hrparam                         rparam       000000
__Hsfr                            sfr          000000
__Hsmallconst                     smallconst   000856
__Hspace_0                        (abs)        30000E
__Hspace_1                        (abs)        000099
__Hspace_2                        (abs)        000000
__Hstack                          stack        000000
__Hstruct                         struct       000000
__Htemp                           temp         000040
__Htext                           text         000000
__Htext0                          text0        000000
__Htext1                          text1        000000
__Htext10                         text10       000000
__Htext11                         text11       000000
__Htext12                         text12       000000
__Htext13                         text13       000000
__Htext14                         text14       000000
__Htext15                         text15       000000
__Htext16                         text16       000000
__Htext17                         text17       000000
__Htext19                         text19       000000
__Htext2                          text2        000000
__Htext20                         text20       000000
__Htext21                         text21       000000
__Htext22                         text22       000000
__Htext3                          text3        000000
__Htext4                          text4        000000
__Htext5                          text5        000000
__Htext6                          text6        000000
__Htext7                          text7        000000
__Htext8                          text8        000000
__Htext9                          text9        000000
__LRAM                            (abs)        000001
__Labs1                           abs1         000000
__Lbank0                          bank0        000000
__Lbank1                          bank1        000000
__Lbank2                          bank2        000000
__Lbank3                          bank3        000000
__Lbank4                          bank4        000000
__Lbank5                          bank5        000000
__Lbank6                          bank6        000000
__Lbank7                          bank7        000000
__Lbigbss                         bigbss       000000
__Lbigdata                        bigdata      000000
__Lbigram                         bigram       000000
__Lbss                            bss          000000
__Lcinit                          cinit        000000
__Lclrtext                        clrtext      000000
__Lcomram                         comram       000000
__Lconfig                         config       300000
__Lconst                          const        000000
__LcstackBANK0                    cstackBANK0  000000
__LcstackCOMRAM                   cstackCOMRAM 000000
__Ldata                           data         000000
__Leeprom_data                    eeprom_data  000000
__Lfarbss                         farbss       000000
__Lfardata                        fardata      000000
__Libigdata                       ibigdata     000000
__Lidata                          idata        000000
__Lidloc                          idloc        200000
__Lifardata                       ifardata     000000
__Linit                           init         00000E
__Lintcode                        intcode      000008
__Lintcode_body                   intcode_body 000000
__Lintcodelo                      intcodelo    00000E
__Lintentry                       intentry     000000
__Lintret                         intret       000000
__Lintsave_regs                   intsave_regs 000000
__Lirdata                         irdata       000000
__Lmediumconst                    mediumconst  000000
__LnvFARRAM                       nvFARRAM     000000
__Lnvbit                          nvbit        000000
__Lnvrram                         nvrram       000000
__Lparam                          rparam       000000
__Lpowerup                        powerup      00000E
__Lram                            ram          000000
__Lramtop                         ramtop       000800
__Lrbit                           rbit         000000
__Lrbss                           rbss         000000
__Lrdata                          rdata        000000
__Lreset_vec                      reset_vec    000000
__Lrparam                         rparam       000000
__Lsfr                            sfr          000000
__Lsmallconst                     smallconst   000800
__Lspace_0                        (abs)        000000
__Lspace_1                        (abs)        000000
__Lspace_2                        (abs)        000000
__Lstack                          stack        000000
__Lstruct                         struct       000000
__Ltemp                           temp         00003F
__Ltext                           text         000000
__Ltext0                          text0        000000
__Ltext1                          text1        000000
__Ltext10                         text10       000000
__Ltext11                         text11       000000
__Ltext12                         text12       000000
__Ltext13                         text13       000000
__Ltext14                         text14       000000
__Ltext15                         text15       000000
__Ltext16                         text16       000000
__Ltext17                         text17       000000
__Ltext19                         text19       000000
__Ltext2                          text2        000000
__Ltext20                         text20       000000
__Ltext21                         text21       000000
__Ltext22                         text22       000000
__Ltext3                          text3        000000
__Ltext4                          text4        000000
__Ltext5                          text5        000000
__Ltext6                          text6        000000
__Ltext7                          text7        000000
__Ltext8                          text8        000000
__Ltext9                          text9        000000
__S0                              (abs)        30000E
__S1                              (abs)        000099
__S2                              (abs)        000000
___aldiv                          text6        001558
___aldiv@counter                  cstackBANK0  000072
___aldiv@dividend                 cstackBANK0  00006A
___aldiv@divisor                  cstackBANK0  00006E
___aldiv@quotient                 cstackBANK0  000074
___aldiv@sign                     cstackBANK0  000073
___almod                          text5        0016D6
___almod@counter                  cstackBANK0  000068
___almod@dividend                 cstackBANK0  000060
___almod@divisor                  cstackBANK0  000064
___almod@sign                     cstackBANK0  000069
___ftdiv                          text16       001470
___ftdiv@cntr                     cstackBANK0  000083
___ftdiv@exp                      cstackBANK0  000087
___ftdiv@f1                       cstackBANK0  00007A
___ftdiv@f2                       cstackBANK0  00007D
___ftdiv@f3                       cstackBANK0  000084
___ftdiv@sign                     cstackBANK0  000088
___ftmul                          text4        00137A
___ftmul@cntr                     cstackBANK0  000078
___ftmul@exp                      cstackBANK0  000074
___ftmul@f1                       cstackBANK0  00006B
___ftmul@f2                       cstackBANK0  00006E
___ftmul@f3_as_product            cstackBANK0  000075
___ftmul@sign                     cstackBANK0  000079
___ftpack                         text17       001626
___ftpack@arg                     cstackBANK0  000060
___ftpack@exp                     cstackBANK0  000063
___ftpack@sign                    cstackBANK0  000064
___fttol                          text3        001282
___fttol@exp1                     cstackBANK0  000088
___fttol@f1                       cstackBANK0  00007A
___fttol@lval                     cstackBANK0  000084
___fttol@sign1                    cstackBANK0  000083
___inthi_sp                       stack        000000
___intlo_sp                       stack        000000
___lmul                           text2        0018B0
___lmul@multiplicand              cstackBANK0  000064
___lmul@multiplier                cstackBANK0  000060
___lmul@product                   cstackBANK0  000068
___lwdiv                          text22       00195A
___lwdiv@counter                  cstackCOMRAM 000014
___lwdiv@dividend                 cstackCOMRAM 00000E
___lwdiv@divisor                  cstackCOMRAM 000010
___lwdiv@quotient                 cstackCOMRAM 000012
___lwtoft                         text15       001A76
___lwtoft@c                       cstackBANK0  000068
___param_bank                     (abs)        000000
___rparam_used                    (abs)        000001
___sp                             stack        000000
___wmul                           text21       001A9C
___wmul@multiplicand              cstackCOMRAM 00000A
___wmul@multiplier                cstackCOMRAM 000008
___wmul@product                   cstackCOMRAM 00000C
__accesstop                       (abs)        000060
__activetblptr                    (abs)        000002
__end_of___aldiv                  text6        001626
__end_of___almod                  text5        001784
__end_of___ftdiv                  text16       001558
__end_of___ftmul                  text4        001470
__end_of___ftpack                 text17       0016D6
__end_of___fttol                  text3        00137A
__end_of___lmul                   text2        001908
__end_of___lwdiv                  text22       0019AC
__end_of___lwtoft                 text15       001A9C
__end_of___wmul                   text21       001AC2
__end_of__initialization          cinit        001AEE
__end_of_adc_read                 text14       0019E6
__end_of_clearLcd                 text10       001ADE
__end_of_gotoLcd                  text11       001AEE
__end_of_high_priority_interrupt  intcode_body 001820
__end_of_initConfigs              text9        0018B0
__end_of_main                     text0        000D32
__end_of_sendLcd                  text13       001B02
__end_of_tmr0_flag                text19       001282
__end_of_writeCStringLcd          text8        001A76
__end_of_writeLcd                 text12       00195A
__end_of_writeStringLcd           text7        001A48
__end_of_writeValueLcd            text1        0010AE
__end_ofi2_adc_read               text20       001A1A
__initialization                  cinit        001AEE
__mediumconst                     mediumconst  000000
__pcinit                          cinit        001AEE
__pcstackBANK0                    cstackBANK0  000060
__pcstackCOMRAM                   cstackCOMRAM 000001
__pintcode                        intcode      000008
__pintcode_body                   intcode_body 001784
__psmallconst                     smallconst   000800
__ptext0                          text0        000856
__ptext1                          text1        000D32
__ptext10                         text10       001AC2
__ptext11                         text11       001ADE
__ptext12                         text12       001908
__ptext13                         text13       001AFC
__ptext14                         text14       0019AC
__ptext15                         text15       001A76
__ptext16                         text16       001470
__ptext17                         text17       001626
__ptext19                         text19       0010AE
__ptext2                          text2        0018B0
__ptext20                         text20       0019E6
__ptext21                         text21       001A9C
__ptext22                         text22       00195A
__ptext3                          text3        001282
__ptext4                          text4        00137A
__ptext5                          text5        0016D6
__ptext6                          text6        001558
__ptext7                          text7        001A1A
__ptext8                          text8        001A48
__ptext9                          text9        001820
__ramtop                          ramtop       000800
__size_of___aldiv                 (abs)        000000
__size_of___almod                 (abs)        000000
__size_of___ftdiv                 (abs)        000000
__size_of___ftmul                 (abs)        000000
__size_of___ftpack                (abs)        000000
__size_of___fttol                 (abs)        000000
__size_of___lmul                  (abs)        000000
__size_of___lwdiv                 (abs)        000000
__size_of___lwtoft                (abs)        000000
__size_of___wmul                  (abs)        000000
__size_of_adc_read                (abs)        000000
__size_of_clearLcd                (abs)        000000
__size_of_gotoLcd                 (abs)        000000
__size_of_high_priority_interrupt (abs)        000000
__size_of_initConfigs             (abs)        000000
__size_of_main                    (abs)        000000
__size_of_sendLcd                 (abs)        000000
__size_of_tmr0_flag               (abs)        000000
__size_of_writeCStringLcd         (abs)        000000
__size_of_writeLcd                (abs)        000000
__size_of_writeStringLcd          (abs)        000000
__size_of_writeValueLcd           (abs)        000000
__size_ofi2_adc_read              (abs)        000000
__smallconst                      smallconst   000800
_adc_read                         text14       0019AC
_clearLcd                         text10       001AC2
_gotoLcd                          text11       001ADE
_high_priority_interrupt          intcode      000008
_initConfigs                      text9        001820
_main                             text0        000856
_sendLcd                          text13       001AFC
_tmr0_flag                        text19       0010AE
_writeCStringLcd                  text8        001A48
_writeLcd                         text12       001908
_writeStringLcd                   text7        001A1A
_writeValueLcd                    text1        000D32
adc_read@canal                    cstackBANK0  000064
adc_read@x                        cstackBANK0  000065
adc_read@y                        cstackBANK0  000066
btemp                             temp         00003F
end_of_initialization             cinit        001AEE
gotoLcd@pos                       cstackBANK0  000062
i2_adc_read                       text20       0019E6
i2adc_read@canal                  cstackCOMRAM 000005
i2adc_read@x                      cstackCOMRAM 000006
i2adc_read@y                      cstackCOMRAM 000007
int$flags                         temp         00003F
int_func                          intcode_body 001784
intlevel0                         text         000000
intlevel1                         text         000000
intlevel2                         text         000000
intlevel3                         text         000000
main@valor                        cstackBANK0  000096
stackhi                           (abs)        0007FF
stacklo                           (abs)        000099
start                             init         00000E
start_initialization              cinit        001AEE
tmr0_flag@Ir                      cstackCOMRAM 000021
tmr0_flag@Is                      cstackCOMRAM 000025
tmr0_flag@It                      cstackCOMRAM 000029
tmr0_flag@Vr                      cstackCOMRAM 000015
tmr0_flag@Vs                      cstackCOMRAM 000019
tmr0_flag@Vt                      cstackCOMRAM 00001D
writeCStringLcd@s                 cstackBANK0  000062
writeLcd@c                        cstackBANK0  000061
writeStringLcd@s                  cstackBANK0  000062
writeValueLcd@val                 cstackBANK0  000089
writeValueLcd@x                   cstackBANK0  000090
wtemp6                            temp         000040


FUNCTION INFORMATION:

 *************** function _main *****************
 Defined at:
		line 16 in file "main.c"
 Parameters:    Size  Location     Type
		None
 Auto vars:     Size  Location     Type
  str             7    0        unsigned char [7]
  valor           3   54[BANK0 ] float 
  val             2    0        unsigned char [2]
 Return value:  Size  Location     Type
                  1    wreg      void 
 Registers used:
		wreg, status,2, status,0, tblptrl, tblptrh, tblptru, cstack
 Tracked objects:
		On entry : 
		On exit  : 
		Unchanged: 
 Data sizes:     COMRAM   BANK0   BANK1   BANK2   BANK3   BANK4   BANK5   BANK6   BANK7
      Params:         0       0       0       0       0       0       0       0       0
      Locals:         0       3       0       0       0       0       0       0       0
      Temps:          0       2       0       0       0       0       0       0       0
      Totals:         0       5       0       0       0       0       0       0       0
Total ram usage:        5 bytes
 Hardware stack levels required when called:    7
 This function calls:
		___ftdiv
		___ftmul
		___lwtoft
		_adc_read
		_clearLcd
		_gotoLcd
		_initConfigs
		_writeCStringLcd
		_writeStringLcd
		_writeValueLcd
 This function is called by:
		Startup code after reset
 This function uses a non-reentrant model


 *************** function _writeValueLcd *****************
 Defined at:
		line 53 in file "lcd.c"
 Parameters:    Size  Location     Type
  val             3   41[BANK0 ] float 
 Auto vars:     Size  Location     Type
  x               4   48[BANK0 ] long 
 Return value:  Size  Location     Type
                  1    wreg      void 
 Registers used:
		wreg, status,2, status,0, cstack
 Tracked objects:
		On entry : 
		On exit  : 
		Unchanged: 
 Data sizes:     COMRAM   BANK0   BANK1   BANK2   BANK3   BANK4   BANK5   BANK6   BANK7
      Params:         0       3       0       0       0       0       0       0       0
      Locals:         0       4       0       0       0       0       0       0       0
      Temps:          0       4       0       0       0       0       0       0       0
      Totals:         0      11       0       0       0       0       0       0       0
Total ram usage:       11 bytes
 Hardware stack levels used:    1
 Hardware stack levels required when called:    5
 This function calls:
		___aldiv
		___almod
		___ftmul
		___fttol
		___lmul
		_writeLcd
 This function is called by:
		_main
 This function uses a non-reentrant model


 *************** function ___lmul *****************
 Defined at:
		line 15 in file "C:\Program Files (x86)\Microchip\xc8\v1.45\sources\common\Umul32.c"
 Parameters:    Size  Location     Type
  multiplier      4    0[BANK0 ] unsigned long 
  multiplicand    4    4[BANK0 ] unsigned long 
 Auto vars:     Size  Location     Type
  product         4    8[BANK0 ] unsigned long 
 Return value:  Size  Location     Type
                  4    0[BANK0 ] unsigned long 
 Registers used:
		wreg, status,2, status,0
 Tracked objects:
		On entry : 
		On exit  : 
		Unchanged: 
 Data sizes:     COMRAM   BANK0   BANK1   BANK2   BANK3   BANK4   BANK5   BANK6   BANK7
      Params:         0       8       0       0       0       0       0       0       0
      Locals:         0       4       0       0       0       0       0       0       0
      Temps:          0       0       0       0       0       0       0       0       0
      Totals:         0      12       0       0       0       0       0       0       0
Total ram usage:       12 bytes
 Hardware stack levels used:    1
 Hardware stack levels required when called:    3
 This function calls:
		Nothing
 This function is called by:
		_writeValueLcd
 This function uses a non-reentrant model


 *************** function ___fttol *****************
 Defined at:
		line 44 in file "C:\Program Files (x86)\Microchip\xc8\v1.45\sources\common\fttol.c"
 Parameters:    Size  Location     Type
  f1              3   26[BANK0 ] float 
 Auto vars:     Size  Location     Type
  lval            4   36[BANK0 ] unsigned long 
  exp1            1   40[BANK0 ] unsigned char 
  sign1           1   35[BANK0 ] unsigned char 
 Return value:  Size  Location     Type
                  4   26[BANK0 ] long 
 Registers used:
		wreg, status,2, status,0
 Tracked objects:
		On entry : 
		On exit  : 
		Unchanged: 
 Data sizes:     COMRAM   BANK0   BANK1   BANK2   BANK3   BANK4   BANK5   BANK6   BANK7
      Params:         0       4       0       0       0       0       0       0       0
      Locals:         0       6       0       0       0       0       0       0       0
      Temps:          0       5       0       0       0       0       0       0       0
      Totals:         0      15       0       0       0       0       0       0       0
Total ram usage:       15 bytes
 Hardware stack levels used:    1
 Hardware stack levels required when called:    3
 This function calls:
		Nothing
 This function is called by:
		_writeValueLcd
 This function uses a non-reentrant model


 *************** function ___ftmul *****************
 Defined at:
		line 62 in file "C:\Program Files (x86)\Microchip\xc8\v1.45\sources\common\ftmul.c"
 Parameters:    Size  Location     Type
  f1              3   11[BANK0 ] float 
  f2              3   14[BANK0 ] float 
 Auto vars:     Size  Location     Type
  f3_as_produc    3   21[BANK0 ] unsigned um
  sign            1   25[BANK0 ] unsigned char 
  cntr            1   24[BANK0 ] unsigned char 
  exp             1   20[BANK0 ] unsigned char 
 Return value:  Size  Location     Type
                  3   11[BANK0 ] float 
 Registers used:
		wreg, status,2, status,0, cstack
 Tracked objects:
		On entry : 
		On exit  : 
		Unchanged: 
 Data sizes:     COMRAM   BANK0   BANK1   BANK2   BANK3   BANK4   BANK5   BANK6   BANK7
      Params:         0       6       0       0       0       0       0       0       0
      Locals:         0       6       0       0       0       0       0       0       0
      Temps:          0       3       0       0       0       0       0       0       0
      Totals:         0      15       0       0       0       0       0       0       0
Total ram usage:       15 bytes
 Hardware stack levels used:    1
 Hardware stack levels required when called:    4
 This function calls:
		___ftpack
 This function is called by:
		_main
		_writeValueLcd
 This function uses a non-reentrant model


 *************** function ___almod *****************
 Defined at:
		line 8 in file "C:\Program Files (x86)\Microchip\xc8\v1.45\sources\common\almod.c"
 Parameters:    Size  Location     Type
  dividend        4    0[BANK0 ] long 
  divisor         4    4[BANK0 ] long 
 Auto vars:     Size  Location     Type
  sign            1    9[BANK0 ] unsigned char 
  counter         1    8[BANK0 ] unsigned char 
 Return value:  Size  Location     Type
                  4    0[BANK0 ] long 
 Registers used:
		wreg, status,2, status,0
 Tracked objects:
		On entry : 
		On exit  : 
		Unchanged: 
 Data sizes:     COMRAM   BANK0   BANK1   BANK2   BANK3   BANK4   BANK5   BANK6   BANK7
      Params:         0       8       0       0       0       0       0       0       0
      Locals:         0       2       0       0       0       0       0       0       0
      Temps:          0       0       0       0       0       0       0       0       0
      Totals:         0      10       0       0       0       0       0       0       0
Total ram usage:       10 bytes
 Hardware stack levels used:    1
 Hardware stack levels required when called:    3
 This function calls:
		Nothing
 This function is called by:
		_writeValueLcd
 This function uses a non-reentrant model


 *************** function ___aldiv *****************
 Defined at:
		line 8 in file "C:\Program Files (x86)\Microchip\xc8\v1.45\sources\common\aldiv.c"
 Parameters:    Size  Location     Type
  dividend        4   10[BANK0 ] long 
  divisor         4   14[BANK0 ] long 
 Auto vars:     Size  Location     Type
  quotient        4   20[BANK0 ] long 
  sign            1   19[BANK0 ] unsigned char 
  counter         1   18[BANK0 ] unsigned char 
 Return value:  Size  Location     Type
                  4   10[BANK0 ] long 
 Registers used:
		wreg, status,2, status,0
 Tracked objects:
		On entry : 
		On exit  : 
		Unchanged: 
 Data sizes:     COMRAM   BANK0   BANK1   BANK2   BANK3   BANK4   BANK5   BANK6   BANK7
      Params:         0       8       0       0       0       0       0       0       0
      Locals:         0       6       0       0       0       0       0       0       0
      Temps:          0       0       0       0       0       0       0       0       0
      Totals:         0      14       0       0       0       0       0       0       0
Total ram usage:       14 bytes
 Hardware stack levels used:    1
 Hardware stack levels required when called:    3
 This function calls:
		Nothing
 This function is called by:
		_writeValueLcd
 This function uses a non-reentrant model


 *************** function _writeStringLcd *****************
 Defined at:
		line 47 in file "lcd.c"
 Parameters:    Size  Location     Type
  s               2    2[BANK0 ] PTR unsigned char 
		 -> STR_14(2), STR_13(10), STR_12(2), STR_11(10), 
		 -> STR_10(2), STR_9(10), STR_8(2), STR_7(10), 
		 -> STR_6(2), STR_5(10), STR_4(2), STR_3(10), 
 Auto vars:     Size  Location     Type
		None
 Return value:  Size  Location     Type
                  1    wreg      void 
 Registers used:
		wreg, status,2, status,0, tblptrl, tblptrh, tblptru, cstack
 Tracked objects:
		On entry : 
		On exit  : 
		Unchanged: 
 Data sizes:     COMRAM   BANK0   BANK1   BANK2   BANK3   BANK4   BANK5   BANK6   BANK7
      Params:         0       2       0       0       0       0       0       0       0
      Locals:         0       0       0       0       0       0       0       0       0
      Temps:          0       0       0       0       0       0       0       0       0
      Totals:         0       2       0       0       0       0       0       0       0
Total ram usage:        2 bytes
 Hardware stack levels used:    1
 Hardware stack levels required when called:    5
 This function calls:
		_writeLcd
 This function is called by:
		_main
 This function uses a non-reentrant model


 *************** function _writeCStringLcd *****************
 Defined at:
		line 41 in file "lcd.c"
 Parameters:    Size  Location     Type
  s               2    2[BANK0 ] PTR const unsigned char 
		 -> STR_2(17), STR_1(5), 
 Auto vars:     Size  Location     Type
		None
 Return value:  Size  Location     Type
                  1    wreg      void 
 Registers used:
		wreg, status,2, status,0, tblptrl, tblptrh, tblptru, cstack
 Tracked objects:
		On entry : 
		On exit  : 
		Unchanged: 
 Data sizes:     COMRAM   BANK0   BANK1   BANK2   BANK3   BANK4   BANK5   BANK6   BANK7
      Params:         0       2       0       0       0       0       0       0       0
      Locals:         0       0       0       0       0       0       0       0       0
      Temps:          0       0       0       0       0       0       0       0       0
      Totals:         0       2       0       0       0       0       0       0       0
Total ram usage:        2 bytes
 Hardware stack levels used:    1
 Hardware stack levels required when called:    5
 This function calls:
		_writeLcd
 This function is called by:
		_main
 This function uses a non-reentrant model


 *************** function _initConfigs *****************
 Defined at:
		line 13 in file "preset.c"
 Parameters:    Size  Location     Type
		None
 Auto vars:     Size  Location     Type
		None
 Return value:  Size  Location     Type
                  1    wreg      void 
 Registers used:
		wreg, status,2, status,0, cstack
 Tracked objects:
		On entry : 
		On exit  : 
		Unchanged: 
 Data sizes:     COMRAM   BANK0   BANK1   BANK2   BANK3   BANK4   BANK5   BANK6   BANK7
      Params:         0       0       0       0       0       0       0       0       0
      Locals:         0       0       0       0       0       0       0       0       0
      Temps:          0       2       0       0       0       0       0       0       0
      Totals:         0       2       0       0       0       0       0       0       0
Total ram usage:        2 bytes
 Hardware stack levels used:    1
 Hardware stack levels required when called:    6
 This function calls:
		_clearLcd
		_writeLcd
 This function is called by:
		_main
 This function uses a non-reentrant model


 *************** function _clearLcd *****************
 Defined at:
		line 25 in file "lcd.c"
 Parameters:    Size  Location     Type
		None
 Auto vars:     Size  Location     Type
		None
 Return value:  Size  Location     Type
                  1    wreg      void 
 Registers used:
		wreg, status,2, status,0, cstack
 Tracked objects:
		On entry : 
		On exit  : 
		Unchanged: 
 Data sizes:     COMRAM   BANK0   BANK1   BANK2   BANK3   BANK4   BANK5   BANK6   BANK7
      Params:         0       0       0       0       0       0       0       0       0
      Locals:         0       0       0       0       0       0       0       0       0
      Temps:          0       1       0       0       0       0       0       0       0
      Totals:         0       1       0       0       0       0       0       0       0
Total ram usage:        1 bytes
 Hardware stack levels used:    1
 Hardware stack levels required when called:    5
 This function calls:
		_writeLcd
 This function is called by:
		_main
		_initConfigs
 This function uses a non-reentrant model


 *************** function _gotoLcd *****************
 Defined at:
		line 31 in file "lcd.c"
 Parameters:    Size  Location     Type
  pos             1    wreg     unsigned char 
 Auto vars:     Size  Location     Type
  pos             1    2[BANK0 ] unsigned char 
 Return value:  Size  Location     Type
                  1    wreg      void 
 Registers used:
		wreg, status,2, status,0, cstack
 Tracked objects:
		On entry : 
		On exit  : 
		Unchanged: 
 Data sizes:     COMRAM   BANK0   BANK1   BANK2   BANK3   BANK4   BANK5   BANK6   BANK7
      Params:         0       0       0       0       0       0       0       0       0
      Locals:         0       1       0       0       0       0       0       0       0
      Temps:          0       0       0       0       0       0       0       0       0
      Totals:         0       1       0       0       0       0       0       0       0
Total ram usage:        1 bytes
 Hardware stack levels used:    1
 Hardware stack levels required when called:    5
 This function calls:
		_writeLcd
 This function is called by:
		_main
 This function uses a non-reentrant model


 *************** function _writeLcd *****************
 Defined at:
		line 16 in file "lcd.c"
 Parameters:    Size  Location     Type
  c               1    wreg     unsigned char 
 Auto vars:     Size  Location     Type
  c               1    1[BANK0 ] unsigned char 
 Return value:  Size  Location     Type
                  1    wreg      void 
 Registers used:
		wreg, status,2, status,0, cstack
 Tracked objects:
		On entry : 
		On exit  : 
		Unchanged: 
 Data sizes:     COMRAM   BANK0   BANK1   BANK2   BANK3   BANK4   BANK5   BANK6   BANK7
      Params:         0       0       0       0       0       0       0       0       0
      Locals:         0       1       0       0       0       0       0       0       0
      Temps:          0       1       0       0       0       0       0       0       0
      Totals:         0       2       0       0       0       0       0       0       0
Total ram usage:        2 bytes
 Hardware stack levels used:    1
 Hardware stack levels required when called:    4
 This function calls:
		_sendLcd
 This function is called by:
		_initConfigs
		_clearLcd
		_gotoLcd
		_writeCStringLcd
		_writeStringLcd
		_writeValueLcd
 This function uses a non-reentrant model


 *************** function _sendLcd *****************
 Defined at:
		line 11 in file "lcd.c"
 Parameters:    Size  Location     Type
		None
 Auto vars:     Size  Location     Type
		None
 Return value:  Size  Location     Type
                  1    wreg      void 
 Registers used:
		None
 Tracked objects:
		On entry : 
		On exit  : 
		Unchanged: 
 Data sizes:     COMRAM   BANK0   BANK1   BANK2   BANK3   BANK4   BANK5   BANK6   BANK7
      Params:         0       0       0       0       0       0       0       0       0
      Locals:         0       0       0       0       0       0       0       0       0
      Temps:          0       0       0       0       0       0       0       0       0
      Totals:         0       0       0       0       0       0       0       0       0
Total ram usage:        0 bytes
 Hardware stack levels used:    1
 Hardware stack levels required when called:    3
 This function calls:
		Nothing
 This function is called by:
		_writeLcd
 This function uses a non-reentrant model


 *************** function _adc_read *****************
 Defined at:
		line 11 in file "adc.c"
 Parameters:    Size  Location     Type
  canal           1    wreg     unsigned char 
 Auto vars:     Size  Location     Type
  canal           1    4[BANK0 ] unsigned char 
  y               1    6[BANK0 ] unsigned char 
  x               1    5[BANK0 ] unsigned char 
 Return value:  Size  Location     Type
                  2    0[BANK0 ] unsigned int 
 Registers used:
		wreg, status,2, status,0
 Tracked objects:
		On entry : 
		On exit  : 
		Unchanged: 
 Data sizes:     COMRAM   BANK0   BANK1   BANK2   BANK3   BANK4   BANK5   BANK6   BANK7
      Params:         0       2       0       0       0       0       0       0       0
      Locals:         0       3       0       0       0       0       0       0       0
      Temps:          0       2       0       0       0       0       0       0       0
      Totals:         0       7       0       0       0       0       0       0       0
Total ram usage:        7 bytes
 Hardware stack levels used:    1
 Hardware stack levels required when called:    3
 This function calls:
		Nothing
 This function is called by:
		_main
 This function uses a non-reentrant model


 *************** function ___lwtoft *****************
 Defined at:
		line 28 in file "C:\Program Files (x86)\Microchip\xc8\v1.45\sources\common\lwtoft.c"
 Parameters:    Size  Location     Type
  c               2    8[BANK0 ] unsigned int 
 Auto vars:     Size  Location     Type
		None
 Return value:  Size  Location     Type
                  3    8[BANK0 ] float 
 Registers used:
		wreg, status,2, status,0, cstack
 Tracked objects:
		On entry : 
		On exit  : 
		Unchanged: 
 Data sizes:     COMRAM   BANK0   BANK1   BANK2   BANK3   BANK4   BANK5   BANK6   BANK7
      Params:         0       3       0       0       0       0       0       0       0
      Locals:         0       0       0       0       0       0       0       0       0
      Temps:          0       0       0       0       0       0       0       0       0
      Totals:         0       3       0       0       0       0       0       0       0
Total ram usage:        3 bytes
 Hardware stack levels used:    1
 Hardware stack levels required when called:    4
 This function calls:
		___ftpack
 This function is called by:
		_main
 This function uses a non-reentrant model


 *************** function ___ftdiv *****************
 Defined at:
		line 54 in file "C:\Program Files (x86)\Microchip\xc8\v1.45\sources\common\ftdiv.c"
 Parameters:    Size  Location     Type
  f1              3   26[BANK0 ] float 
  f2              3   29[BANK0 ] float 
 Auto vars:     Size  Location     Type
  f3              3   36[BANK0 ] float 
  sign            1   40[BANK0 ] unsigned char 
  exp             1   39[BANK0 ] unsigned char 
  cntr            1   35[BANK0 ] unsigned char 
 Return value:  Size  Location     Type
                  3   26[BANK0 ] float 
 Registers used:
		wreg, status,2, status,0, cstack
 Tracked objects:
		On entry : 
		On exit  : 
		Unchanged: 
 Data sizes:     COMRAM   BANK0   BANK1   BANK2   BANK3   BANK4   BANK5   BANK6   BANK7
      Params:         0       6       0       0       0       0       0       0       0
      Locals:         0       6       0       0       0       0       0       0       0
      Temps:          0       3       0       0       0       0       0       0       0
      Totals:         0      15       0       0       0       0       0       0       0
Total ram usage:       15 bytes
 Hardware stack levels used:    1
 Hardware stack levels required when called:    4
 This function calls:
		___ftpack
 This function is called by:
		_main
 This function uses a non-reentrant model


 *************** function ___ftpack *****************
 Defined at:
		line 62 in file "C:\Program Files (x86)\Microchip\xc8\v1.45\sources\common\float.c"
 Parameters:    Size  Location     Type
  arg             3    0[BANK0 ] unsigned um
  exp             1    3[BANK0 ] unsigned char 
  sign            1    4[BANK0 ] unsigned char 
 Auto vars:     Size  Location     Type
		None
 Return value:  Size  Location     Type
                  3    0[BANK0 ] float 
 Registers used:
		wreg, status,2, status,0
 Tracked objects:
		On entry : 
		On exit  : 
		Unchanged: 
 Data sizes:     COMRAM   BANK0   BANK1   BANK2   BANK3   BANK4   BANK5   BANK6   BANK7
      Params:         0       5       0       0       0       0       0       0       0
      Locals:         0       0       0       0       0       0       0       0       0
      Temps:          0       3       0       0       0       0       0       0       0
      Totals:         0       8       0       0       0       0       0       0       0
Total ram usage:        8 bytes
 Hardware stack levels used:    1
 Hardware stack levels required when called:    3
 This function calls:
		Nothing
 This function is called by:
		___ftdiv
		___ftmul
		___lwtoft
 This function uses a non-reentrant model


 *************** function _high_priority_interrupt *****************
 Defined at:
		line 56 in file "preset.c"
 Parameters:    Size  Location     Type
		None
 Auto vars:     Size  Location     Type
		None
 Return value:  Size  Location     Type
                  1    wreg      void 
 Registers used:
		wreg, status,2, status,0, prodl, prodh, cstack
 Tracked objects:
		On entry : 
		On exit  : 
		Unchanged: 
 Data sizes:     COMRAM   BANK0   BANK1   BANK2   BANK3   BANK4   BANK5   BANK6   BANK7
      Params:         0       0       0       0       0       0       0       0       0
      Locals:         0       0       0       0       0       0       0       0       0
      Temps:         18       0       0       0       0       0       0       0       0
      Totals:        18       0       0       0       0       0       0       0       0
Total ram usage:       18 bytes
 Hardware stack levels used:    1
 Hardware stack levels required when called:    2
 This function calls:
		_tmr0_flag
 This function is called by:
		Interrupt level 2
 This function uses a non-reentrant model


 *************** function _tmr0_flag *****************
 Defined at:
		line 11 in file "timer.c"
 Parameters:    Size  Location     Type
		None
 Auto vars:     Size  Location     Type
  It              4   40[COMRAM] long 
  Is              4   36[COMRAM] long 
  Ir              4   32[COMRAM] long 
  Vt              4   28[COMRAM] long 
  Vs              4   24[COMRAM] long 
  Vr              4   20[COMRAM] long 
 Return value:  Size  Location     Type
                  1    wreg      void 
 Registers used:
		wreg, status,2, status,0, prodl, prodh, cstack
 Tracked objects:
		On entry : 
		On exit  : 
		Unchanged: 
 Data sizes:     COMRAM   BANK0   BANK1   BANK2   BANK3   BANK4   BANK5   BANK6   BANK7
      Params:         0       0       0       0       0       0       0       0       0
      Locals:        24       0       0       0       0       0       0       0       0
      Temps:          0       0       0       0       0       0       0       0       0
      Totals:        24       0       0       0       0       0       0       0       0
Total ram usage:       24 bytes
 Hardware stack levels used:    1
 Hardware stack levels required when called:    1
 This function calls:
		___lwdiv
		___wmul
		i2_adc_read
 This function is called by:
		_high_priority_interrupt
 This function uses a non-reentrant model


 *************** function i2_adc_read *****************
 Defined at:
		line 11 in file "adc.c"
 Parameters:    Size  Location     Type
  canal           1    wreg     unsigned char 
 Auto vars:     Size  Location     Type
  canal           1    4[COMRAM] unsigned char 
  adc_read        1    6[COMRAM] unsigned char 
  adc_read        1    5[COMRAM] unsigned char 
 Return value:  Size  Location     Type
                  2    0[COMRAM] unsigned int 
 Registers used:
		wreg, status,2, status,0
 Tracked objects:
		On entry : 
		On exit  : 
		Unchanged: 
 Data sizes:     COMRAM   BANK0   BANK1   BANK2   BANK3   BANK4   BANK5   BANK6   BANK7
      Params:         2       0       0       0       0       0       0       0       0
      Locals:         3       0       0       0       0       0       0       0       0
      Temps:          2       0       0       0       0       0       0       0       0
      Totals:         7       0       0       0       0       0       0       0       0
Total ram usage:        7 bytes
 Hardware stack levels used:    1
 This function calls:
		Nothing
 This function is called by:
		_tmr0_flag
 This function uses a non-reentrant model


 *************** function ___wmul *****************
 Defined at:
		line 15 in file "C:\Program Files (x86)\Microchip\xc8\v1.45\sources\common\Umul16.c"
 Parameters:    Size  Location     Type
  multiplier      2    7[COMRAM] unsigned int 
  multiplicand    2    9[COMRAM] unsigned int 
 Auto vars:     Size  Location     Type
  product         2   11[COMRAM] unsigned int 
 Return value:  Size  Location     Type
                  2    7[COMRAM] unsigned int 
 Registers used:
		wreg, status,2, status,0, prodl, prodh
 Tracked objects:
		On entry : 
		On exit  : 
		Unchanged: 
 Data sizes:     COMRAM   BANK0   BANK1   BANK2   BANK3   BANK4   BANK5   BANK6   BANK7
      Params:         4       0       0       0       0       0       0       0       0
      Locals:         2       0       0       0       0       0       0       0       0
      Temps:          0       0       0       0       0       0       0       0       0
      Totals:         6       0       0       0       0       0       0       0       0
Total ram usage:        6 bytes
 Hardware stack levels used:    1
 This function calls:
		Nothing
 This function is called by:
		_tmr0_flag
 This function uses a non-reentrant model


 *************** function ___lwdiv *****************
 Defined at:
		line 8 in file "C:\Program Files (x86)\Microchip\xc8\v1.45\sources\common\lwdiv.c"
 Parameters:    Size  Location     Type
  dividend        2   13[COMRAM] unsigned int 
  divisor         2   15[COMRAM] unsigned int 
 Auto vars:     Size  Location     Type
  quotient        2   17[COMRAM] unsigned int 
  counter         1   19[COMRAM] unsigned char 
 Return value:  Size  Location     Type
                  2   13[COMRAM] unsigned int 
 Registers used:
		wreg, status,2, status,0
 Tracked objects:
		On entry : 
		On exit  : 
		Unchanged: 
 Data sizes:     COMRAM   BANK0   BANK1   BANK2   BANK3   BANK4   BANK5   BANK6   BANK7
      Params:         4       0       0       0       0       0       0       0       0
      Locals:         3       0       0       0       0       0       0       0       0
      Temps:          0       0       0       0       0       0       0       0       0
      Totals:         7       0       0       0       0       0       0       0       0
Total ram usage:        7 bytes
 Hardware stack levels used:    1
 This function calls:
		Nothing
 This function is called by:
		_tmr0_flag
 This function uses a non-reentrant model



MODULE INFORMATION

Module		Function		Class		Link	Load	Size
C:\Program Files (x86)\Microchip\xc8\v1.45\sources\common\float.c
		___ftpack      		CODE           	1626	0000	177

C:\Program Files (x86)\Microchip\xc8\v1.45\sources\common\float.c estimated size: 177

C:\Program Files (x86)\Microchip\xc8\v1.45\sources\common\Umul16.c
		___wmul        		CODE           	1A9C	0000	39

C:\Program Files (x86)\Microchip\xc8\v1.45\sources\common\Umul16.c estimated size: 39

timer.c
		_tmr0_flag     		CODE           	10AE	0000	469

timer.c estimated size: 469

C:\Program Files (x86)\Microchip\xc8\v1.45\sources\common\ftmul.c
		___ftmul       		CODE           	137A	0000	247

C:\Program Files (x86)\Microchip\xc8\v1.45\sources\common\ftmul.c estimated size: 247

C:\Program Files (x86)\Microchip\xc8\v1.45\sources\common\ftdiv.c
		___ftdiv       		CODE           	1470	0000	233

C:\Program Files (x86)\Microchip\xc8\v1.45\sources\common\ftdiv.c estimated size: 233

adc.c
		_adc_read      		CODE           	19AC	0000	59

adc.c estimated size: 59

C:\Program Files (x86)\Microchip\xc8\v1.45\sources\common\almod.c
		___almod       		CODE           	16D6	0000	175

C:\Program Files (x86)\Microchip\xc8\v1.45\sources\common\almod.c estimated size: 175

C:\Program Files (x86)\Microchip\xc8\v1.45\sources\common\Umul32.c
		___lmul        		CODE           	18B0	0000	89

C:\Program Files (x86)\Microchip\xc8\v1.45\sources\common\Umul32.c estimated size: 89

shared
		__initialization		CODE           	1AEE	0000	1
		i2_adc_read    		CODE           	19E6	0000	53

shared estimated size: 54

C:\Program Files (x86)\Microchip\xc8\v1.45\sources\common\fttol.c
		___fttol       		CODE           	1282	0000	249

C:\Program Files (x86)\Microchip\xc8\v1.45\sources\common\fttol.c estimated size: 249

C:\Program Files (x86)\Microchip\xc8\v1.45\sources\common\lwdiv.c
		___lwdiv       		CODE           	195A	0000	83

C:\Program Files (x86)\Microchip\xc8\v1.45\sources\common\lwdiv.c estimated size: 83

lcd.c
		_gotoLcd       		CODE           	1ADE	0000	17
		_writeValueLcd 		CODE           	0D32	0000	893
		_writeStringLcd		CODE           	1A1A	0000	47
		_writeCStringLcd		CODE           	1A48	0000	47
		_sendLcd       		CODE           	1AFC	0000	7
		_writeLcd      		CODE           	1908	0000	83
		_clearLcd      		CODE           	1AC2	0000	29

lcd.c estimated size: 1123

C:\Program Files (x86)\Microchip\xc8\v1.45\sources\common\aldiv.c
		___aldiv       		CODE           	1558	0000	207

C:\Program Files (x86)\Microchip\xc8\v1.45\sources\common\aldiv.c estimated size: 207

preset.c
		_initConfigs   		CODE           	1820	0000	145
		_high_priority_interrupt		CODE           	0008	0000	163

preset.c estimated size: 308

main.c
		_main          		CODE           	0856	0000	1245

main.c estimated size: 1245

C:\Program Files (x86)\Microchip\xc8\v1.45\sources\common\lwtoft.c
		___lwtoft      		CODE           	1A76	0000	39

C:\Program Files (x86)\Microchip\xc8\v1.45\sources\common\lwtoft.c estimated size: 39

