Microchip MPLAB XC8 Compiler V1.45 ()

Linker command line:

-W-3 --edf=C:\Program Files (x86)\Microchip\xc8\v1.45\dat\en_msgs.txt -cs \
  -h+dist/free/debug\TCC.X.debug.sym --cmf=dist/free/debug\TCC.X.debug.cmf \
  -z -Q18F4550 -oC:\Users\Thor\AppData\Local\Temp\s3gs.2 \
  -Mdist/free/debug/TCC.X.debug.map -E1 -ver=XC8 -ASTACK=0239h-07ffh \
  -pstack=STACK -ACODE=00h-07FFFh -ACONST=00h-07FFFh \
  -ASMALLCONST=0800h-08FFhx120 -AMEDIUMCONST=0800h-07FFFh -ACOMRAM=01h-05Fh \
  -AABS1=00h-07FFh -ABIGRAM=01h-07FFh -ARAM=060h-0FFh,0100h-01FFhx7 \
  -ABANK0=060h-0FFh -ABANK1=0100h-01FFh -ABANK2=0200h-02FFh \
  -ABANK3=0300h-03FFh -ABANK4=0400h-04FFh -ABANK5=0500h-05FFh \
  -ABANK6=0600h-06FFh -ABANK7=0700h-07FFh -ASFR=0F60h-0FFFh \
  -preset_vec=00h,intcode=08h,intcodelo,powerup,init -pramtop=0800h \
  -psmallconst=SMALLCONST -pmediumconst=MEDIUMCONST -pconst=CONST \
  -AFARRAM=00h-00h -ACONFIG=0300000h-030000Dh -pconfig=CONFIG \
  -AIDLOC=0200000h-0200007h -pidloc=IDLOC -AEEDATA=0F00000h-0F000FFh \
  -peeprom_data=EEDATA \
  -prdata=COMRAM,nvrram=COMRAM,nvbit=COMRAM,rbss=COMRAM,rbit=COMRAM \
  -pfarbss=FARRAM,fardata=FARRAM,nvFARRAM=FARRAM \
  -pintsave_regs=BIGRAM,bigbss=BIGRAM,bigdata=BIGRAM -pbss=RAM \
  -pidata=CODE,irdata=CODE,ibigdata=CODE,ifardata=CODE -prparam=COMRAM \
  C:\Users\Thor\AppData\Local\Temp\s3gs.obj dist/free/debug\TCC.X.debug.obj 

Object code version is 3.11

Machine type is 18F4550

Call graph: (short form)




                Name                               Link     Load   Length Selector   Space Scale
C:\Users\Thor\AppData\Local\Temp\s3gs.obj
                init                                  E        E        4        4       0
                reset_vec                             0        0        4        0       0
                idloc                            200000   200000        8   200000       0
                config                           300000   300000        E   300000       0
dist/free/debug\TCC.X.debug.obj
                intcode                               8        8        6        4       0
                temp                                 58       58        1        1       1
                smallconst                          800      800       52      400       0
                text21                             1854     1854       34      429       0
                text20                             1246     1246       EA      429       0
                intcode_body                       1644     1644       9C      429       0
                text18                             14E6     14E6       B0      429       0
                text17                             1330     1330       E8      429       0
                text16                             1910     1910       26      429       0
                text15                             181A     181A       3A      429       0
                text14                             1970     1970        6      429       0
                text13                             17C8     17C8       52      429       0
                text12                             1952     1952       10      429       0
                text11                             1936     1936       1C      429       0
                text10                             16E0     16E0       90      429       0
                text9                              18E4     18E4       2C      429       0
                text8                              18B6     18B6       2E      429       0
                text7                              1888     1888       2E      429       0
                text6                              1418     1418       CE      429       0
                text5                              1596     1596       AE      429       0
                text4                              1150     1150       F6      429       0
                text3                              1058     1058       F8      429       0
                text2                              1770     1770       58      429       0
                text1                               CDC      CDC      37C      429       0
                text0                               852      852      48A      429       0
                cstackCOMRAM                          1        1       57        1       1
                cstackBANK0                          60       60       78       60       1
                cstackBANK1                         100      100       B4      100       1
                cstackBANK2                         200      200       39      200       1
                cinit                              1962     1962        E      429       0

TOTAL           Name                               Link     Load   Length     Space
        CLASS   STACK          

        CLASS   CODE           
                intcode                               8        8        6         0
                init                                  E        E        4         0
                reset_vec                             0        0        4         0
                text21                             1854     1854       34         0
                text20                             1246     1246       EA         0
                intcode_body                       1644     1644       9C         0
                text18                             14E6     14E6       B0         0
                text17                             1330     1330       E8         0
                text16                             1910     1910       26         0
                text15                             181A     181A       3A         0
                text14                             1970     1970        6         0
                text13                             17C8     17C8       52         0
                text12                             1952     1952       10         0
                text11                             1936     1936       1C         0
                text10                             16E0     16E0       90         0
                text9                              18E4     18E4       2C         0
                text8                              18B6     18B6       2E         0
                text7                              1888     1888       2E         0
                text6                              1418     1418       CE         0
                text5                              1596     1596       AE         0
                text4                              1150     1150       F6         0
                text3                              1058     1058       F8         0
                text2                              1770     1770       58         0
                text1                               CDC      CDC      37C         0
                text0                               852      852      48A         0
                cinit                              1962     1962        E         0

        CLASS   CONST          

        CLASS   SMALLCONST     
                smallconst                          800      800       52         0

        CLASS   MEDIUMCONST    

        CLASS   COMRAM         
                temp                                 58       58        1         1
                cstackCOMRAM                          1        1       57         1

        CLASS   ABS1           

        CLASS   BIGRAM         

        CLASS   RAM            

        CLASS   BANK0          
                cstackBANK0                          60       60       78         1

        CLASS   BANK1          
                cstackBANK1                         100      100       B4         1

        CLASS   BANK2          
                cstackBANK2                         200      200       39         1

        CLASS   BANK3          

        CLASS   BANK4          

        CLASS   BANK5          

        CLASS   BANK6          

        CLASS   BANK7          

        CLASS   SFR            

        CLASS   FARRAM         

        CLASS   CONFIG         
                config                           300000   300000        E         0

        CLASS   IDLOC          
                idloc                            200000   200000        8         0

        CLASS   EEDATA         



SEGMENTS        Name                           Load    Length   Top    Selector   Space  Class

                reset_vec                      000000  000004  000004         0       0  CODE    
                cstackCOMRAM                   000001  000058  000059         1       1  COMRAM  
                intcode                        000008  00000A  000012         4       0  CODE    
                cstackBANK0                    000060  000078  0000D8        60       1  BANK0   
                cstackBANK1                    000100  0000B4  0001B4       100       1  BANK1   
                cstackBANK2                    000200  000039  000239       200       1  BANK2   
                smallconst                     000800  000052  000852       400       0  SMALLCON
                text0                          000852  001124  001976       429       0  CODE    
                idloc                          200000  000008  200008    200000       0  IDLOC   
                config                         300000  00000E  30000E    300000       0  CONFIG  


UNUSED ADDRESS RANGES

        Name                Unused          Largest block    Delta
        BANK0            0000D8-0000FF               28
        BANK1            0001B4-0001FF               4C
        BANK2            000239-0002FF               C7
        BANK3            000300-0003FF              100
        BANK4            000400-0004FF              100
        BANK5            000500-0005FF              100
        BANK6            000600-0006FF              100
        BANK7            000700-0007FF              100
        BIGRAM           000059-00005F                7
                         0000D8-0000FF               28
                         0001B4-0001FF               4C
                         000239-0007FF              5C7
        CODE             000004-000007                4
                         000012-0007FF              7EE
                         001976-007FFF             668A
        COMRAM           000059-00005F                7
        CONST            000004-000007                4
                         000012-0007FF              7EE
                         001976-007FFF             668A
        EEDATA           F00000-F000FF              100
        MEDIUMCONST      001976-007FFF             668A
        RAM              0000D8-0000FF               28
                         0001B4-0001FF               4C
                         000239-0007FF              100
        SFR              000F60-000FFF               A0
        SMALLCONST       001976-007FFF              100
        STACK            000239-0007FF              5C7

                                  Symbol Table

?___aldiv                         cstackBANK2  00020A
?___almod                         cstackBANK2  000200
?___ftdiv                         cstackBANK2  00021A
?___ftmul                         cstackBANK2  00020B
?___ftpack                        cstackBANK2  000200
?___fttol                         cstackBANK2  00021A
?___lmul                          cstackBANK2  000200
?___lwtoft                        cstackBANK2  000208
?_adc_read                        cstackBANK2  000200
?i2_adc_read                      cstackCOMRAM 000001
_ADCON0                           (abs)        000FC2
_ADCON0bits                       (abs)        000FC2
_ADCON1                           (abs)        000FC1
_ADCON2                           (abs)        000FC0
_ADRESH                           (abs)        000FC4
_ADRESL                           (abs)        000FC3
_CMCON                            (abs)        000FB4
_INTCON                           (abs)        000FF2
_INTCONbits                       (abs)        000FF2
_LATB                             (abs)        000F8A
_LATBbits                         (abs)        000F8A
_LATC                             (abs)        000F8B
_LATCbits                         (abs)        000F8B
_LATD                             (abs)        000F8C
_LATDbits                         (abs)        000F8C
_T0CON                            (abs)        000FD5
_TMR0H                            (abs)        000FD7
_TMR0L                            (abs)        000FD6
_TRISA                            (abs)        000F92
_TRISB                            (abs)        000F93
_TRISC                            (abs)        000F94
_TRISD                            (abs)        000F95
_TRISE                            (abs)        000F96
_UCON                             (abs)        000F6D
__CFG_CP0$OFF                     (abs)        000000
__CFG_CP1$OFF                     (abs)        000000
__CFG_CP2$OFF                     (abs)        000000
__CFG_CP3$OFF                     (abs)        000000
__CFG_CPB$OFF                     (abs)        000000
__CFG_CPD$OFF                     (abs)        000000
__CFG_CPUDIV$OSC1_PLL2            (abs)        000000
__CFG_DEBUG$ON                    (abs)        000000
__CFG_EBTR0$OFF                   (abs)        000000
__CFG_EBTR1$OFF                   (abs)        000000
__CFG_EBTR2$OFF                   (abs)        000000
__CFG_EBTR3$OFF                   (abs)        000000
__CFG_EBTRB$OFF                   (abs)        000000
__CFG_FOSC$HS                     (abs)        000000
__CFG_ICPRT$OFF                   (abs)        000000
__CFG_LVP$OFF                     (abs)        000000
__CFG_MCLRE$ON                    (abs)        000000
__CFG_PLLDIV$4                    (abs)        000000
__CFG_PWRT$ON                     (abs)        000000
__CFG_STVREN$ON                   (abs)        000000
__CFG_WDT$OFF                     (abs)        000000
__CFG_WRT0$OFF                    (abs)        000000
__CFG_WRT1$OFF                    (abs)        000000
__CFG_WRT2$OFF                    (abs)        000000
__CFG_WRT3$OFF                    (abs)        000000
__CFG_WRTB$OFF                    (abs)        000000
__CFG_WRTC$OFF                    (abs)        000000
__CFG_WRTD$OFF                    (abs)        000000
__CFG_XINST$OFF                   (abs)        000000
__HRAM                            (abs)        000000
__Habs1                           abs1         000000
__Hbank0                          bank0        000000
__Hbank1                          bank1        000000
__Hbank2                          bank2        000000
__Hbank3                          bank3        000000
__Hbank4                          bank4        000000
__Hbank5                          bank5        000000
__Hbank6                          bank6        000000
__Hbank7                          bank7        000000
__Hbigbss                         bigbss       000000
__Hbigdata                        bigdata      000000
__Hbigram                         bigram       000000
__Hbss                            bss          000000
__Hcinit                          cinit        000000
__Hclrtext                        clrtext      000000
__Hcomram                         comram       000000
__Hconfig                         config       30000E
__Hconst                          const        000000
__HcstackBANK0                    cstackBANK0  000000
__HcstackBANK1                    cstackBANK1  000000
__HcstackBANK2                    cstackBANK2  000000
__HcstackCOMRAM                   cstackCOMRAM 000000
__Hdata                           data         000000
__Heeprom_data                    eeprom_data  000000
__Hfarbss                         farbss       000000
__Hfardata                        fardata      000000
__Hibigdata                       ibigdata     000000
__Hidata                          idata        000000
__Hidloc                          idloc        200008
__Hifardata                       ifardata     000000
__Hinit                           init         000012
__Hintcode                        intcode      00000E
__Hintcode_body                   intcode_body 000000
__Hintcodelo                      intcodelo    00000E
__Hintentry                       intentry     000000
__Hintret                         intret       000000
__Hintsave_regs                   intsave_regs 000000
__Hirdata                         irdata       000000
__Hmediumconst                    mediumconst  000000
__HnvFARRAM                       nvFARRAM     000000
__Hnvbit                          nvbit        000000
__Hnvrram                         nvrram       000000
__Hparam                          rparam       000000
__Hpowerup                        powerup      00000E
__Hram                            ram          000000
__Hramtop                         ramtop       000800
__Hrbit                           rbit         000000
__Hrbss                           rbss         000000
__Hrdata                          rdata        000000
__Hreset_vec                      reset_vec    000004
__Hrparam                         rparam       000000
__Hsfr                            sfr          000000
__Hsmallconst                     smallconst   000852
__Hspace_0                        (abs)        30000E
__Hspace_1                        (abs)        000239
__Hspace_2                        (abs)        000000
__Hstack                          stack        000000
__Hstruct                         struct       000000
__Htemp                           temp         000059
__Htext                           text         000000
__Htext0                          text0        000000
__Htext1                          text1        000000
__Htext10                         text10       000000
__Htext11                         text11       000000
__Htext12                         text12       000000
__Htext13                         text13       000000
__Htext14                         text14       000000
__Htext15                         text15       000000
__Htext16                         text16       000000
__Htext17                         text17       000000
__Htext18                         text18       000000
__Htext2                          text2        000000
__Htext20                         text20       000000
__Htext21                         text21       000000
__Htext3                          text3        000000
__Htext4                          text4        000000
__Htext5                          text5        000000
__Htext6                          text6        000000
__Htext7                          text7        000000
__Htext8                          text8        000000
__Htext9                          text9        000000
__LRAM                            (abs)        000001
__Labs1                           abs1         000000
__Lbank0                          bank0        000000
__Lbank1                          bank1        000000
__Lbank2                          bank2        000000
__Lbank3                          bank3        000000
__Lbank4                          bank4        000000
__Lbank5                          bank5        000000
__Lbank6                          bank6        000000
__Lbank7                          bank7        000000
__Lbigbss                         bigbss       000000
__Lbigdata                        bigdata      000000
__Lbigram                         bigram       000000
__Lbss                            bss          000000
__Lcinit                          cinit        000000
__Lclrtext                        clrtext      000000
__Lcomram                         comram       000000
__Lconfig                         config       300000
__Lconst                          const        000000
__LcstackBANK0                    cstackBANK0  000000
__LcstackBANK1                    cstackBANK1  000000
__LcstackBANK2                    cstackBANK2  000000
__LcstackCOMRAM                   cstackCOMRAM 000000
__Ldata                           data         000000
__Leeprom_data                    eeprom_data  000000
__Lfarbss                         farbss       000000
__Lfardata                        fardata      000000
__Libigdata                       ibigdata     000000
__Lidata                          idata        000000
__Lidloc                          idloc        200000
__Lifardata                       ifardata     000000
__Linit                           init         00000E
__Lintcode                        intcode      000008
__Lintcode_body                   intcode_body 000000
__Lintcodelo                      intcodelo    00000E
__Lintentry                       intentry     000000
__Lintret                         intret       000000
__Lintsave_regs                   intsave_regs 000000
__Lirdata                         irdata       000000
__Lmediumconst                    mediumconst  000000
__LnvFARRAM                       nvFARRAM     000000
__Lnvbit                          nvbit        000000
__Lnvrram                         nvrram       000000
__Lparam                          rparam       000000
__Lpowerup                        powerup      00000E
__Lram                            ram          000000
__Lramtop                         ramtop       000800
__Lrbit                           rbit         000000
__Lrbss                           rbss         000000
__Lrdata                          rdata        000000
__Lreset_vec                      reset_vec    000000
__Lrparam                         rparam       000000
__Lsfr                            sfr          000000
__Lsmallconst                     smallconst   000800
__Lspace_0                        (abs)        000000
__Lspace_1                        (abs)        000000
__Lspace_2                        (abs)        000000
__Lstack                          stack        000000
__Lstruct                         struct       000000
__Ltemp                           temp         000058
__Ltext                           text         000000
__Ltext0                          text0        000000
__Ltext1                          text1        000000
__Ltext10                         text10       000000
__Ltext11                         text11       000000
__Ltext12                         text12       000000
__Ltext13                         text13       000000
__Ltext14                         text14       000000
__Ltext15                         text15       000000
__Ltext16                         text16       000000
__Ltext17                         text17       000000
__Ltext18                         text18       000000
__Ltext2                          text2        000000
__Ltext20                         text20       000000
__Ltext21                         text21       000000
__Ltext3                          text3        000000
__Ltext4                          text4        000000
__Ltext5                          text5        000000
__Ltext6                          text6        000000
__Ltext7                          text7        000000
__Ltext8                          text8        000000
__Ltext9                          text9        000000
__S0                              (abs)        30000E
__S1                              (abs)        000239
__S2                              (abs)        000000
___aldiv                          text6        001418
___aldiv@counter                  cstackBANK2  000212
___aldiv@dividend                 cstackBANK2  00020A
___aldiv@divisor                  cstackBANK2  00020E
___aldiv@quotient                 cstackBANK2  000214
___aldiv@sign                     cstackBANK2  000213
___almod                          text5        001596
___almod@counter                  cstackBANK2  000208
___almod@dividend                 cstackBANK2  000200
___almod@divisor                  cstackBANK2  000204
___almod@sign                     cstackBANK2  000209
___ftdiv                          text17       001330
___ftdiv@cntr                     cstackBANK2  000223
___ftdiv@exp                      cstackBANK2  000227
___ftdiv@f1                       cstackBANK2  00021A
___ftdiv@f2                       cstackBANK2  00021D
___ftdiv@f3                       cstackBANK2  000224
___ftdiv@sign                     cstackBANK2  000228
___ftmul                          text4        001150
___ftmul@cntr                     cstackBANK2  000218
___ftmul@exp                      cstackBANK2  000214
___ftmul@f1                       cstackBANK2  00020B
___ftmul@f2                       cstackBANK2  00020E
___ftmul@f3_as_product            cstackBANK2  000215
___ftmul@sign                     cstackBANK2  000219
___ftpack                         text18       0014E6
___ftpack@arg                     cstackBANK2  000200
___ftpack@exp                     cstackBANK2  000203
___ftpack@sign                    cstackBANK2  000204
___fttol                          text3        001058
___fttol@exp1                     cstackBANK2  000228
___fttol@f1                       cstackBANK2  00021A
___fttol@lval                     cstackBANK2  000224
___fttol@sign1                    cstackBANK2  000223
___inthi_sp                       stack        000000
___intlo_sp                       stack        000000
___lmul                           text2        001770
___lmul@multiplicand              cstackBANK2  000204
___lmul@multiplier                cstackBANK2  000200
___lmul@product                   cstackBANK2  000208
___lwtoft                         text16       001910
___lwtoft@c                       cstackBANK2  000208
___param_bank                     (abs)        000000
___rparam_used                    (abs)        000001
___sp                             stack        000000
__accesstop                       (abs)        000060
__activetblptr                    (abs)        000002
__end_of___aldiv                  text6        0014E6
__end_of___almod                  text5        001644
__end_of___ftdiv                  text17       001418
__end_of___ftmul                  text4        001246
__end_of___ftpack                 text18       001596
__end_of___fttol                  text3        001150
__end_of___lmul                   text2        0017C8
__end_of___lwtoft                 text16       001936
__end_of__initialization          cinit        001962
__end_of_adc_read                 text15       001854
__end_of_clearLcd                 text11       001952
__end_of_gotoLcd                  text12       001962
__end_of_high_priority_interrupt  intcode_body 0016E0
__end_of_initConfigs              text10       001770
__end_of_main                     text0        000CDC
__end_of_sendLcd                  text14       001976
__end_of_setTimer                 text9        001910
__end_of_tmr0_flag                text20       001330
__end_of_writeCStringLcd          text8        0018E4
__end_of_writeLcd                 text13       00181A
__end_of_writeStringLcd           text7        0018B6
__end_of_writeValueLcd            text1        001058
__end_ofi2_adc_read               text21       001888
__initialization                  cinit        001962
__mediumconst                     mediumconst  000000
__pcinit                          cinit        001962
__pcstackBANK0                    cstackBANK0  000060
__pcstackBANK1                    cstackBANK1  000100
__pcstackBANK2                    cstackBANK2  000200
__pcstackCOMRAM                   cstackCOMRAM 000001
__pintcode                        intcode      000008
__pintcode_body                   intcode_body 001644
__psmallconst                     smallconst   000800
__ptext0                          text0        000852
__ptext1                          text1        000CDC
__ptext10                         text10       0016E0
__ptext11                         text11       001936
__ptext12                         text12       001952
__ptext13                         text13       0017C8
__ptext14                         text14       001970
__ptext15                         text15       00181A
__ptext16                         text16       001910
__ptext17                         text17       001330
__ptext18                         text18       0014E6
__ptext2                          text2        001770
__ptext20                         text20       001246
__ptext21                         text21       001854
__ptext3                          text3        001058
__ptext4                          text4        001150
__ptext5                          text5        001596
__ptext6                          text6        001418
__ptext7                          text7        001888
__ptext8                          text8        0018B6
__ptext9                          text9        0018E4
__ramtop                          ramtop       000800
__size_of___aldiv                 (abs)        000000
__size_of___almod                 (abs)        000000
__size_of___ftdiv                 (abs)        000000
__size_of___ftmul                 (abs)        000000
__size_of___ftpack                (abs)        000000
__size_of___fttol                 (abs)        000000
__size_of___lmul                  (abs)        000000
__size_of___lwtoft                (abs)        000000
__size_of_adc_read                (abs)        000000
__size_of_clearLcd                (abs)        000000
__size_of_gotoLcd                 (abs)        000000
__size_of_high_priority_interrupt (abs)        000000
__size_of_initConfigs             (abs)        000000
__size_of_main                    (abs)        000000
__size_of_sendLcd                 (abs)        000000
__size_of_setTimer                (abs)        000000
__size_of_tmr0_flag               (abs)        000000
__size_of_writeCStringLcd         (abs)        000000
__size_of_writeLcd                (abs)        000000
__size_of_writeStringLcd          (abs)        000000
__size_of_writeValueLcd           (abs)        000000
__size_ofi2_adc_read              (abs)        000000
__smallconst                      smallconst   000800
_adc_read                         text15       00181A
_clearLcd                         text11       001936
_gotoLcd                          text12       001952
_high_priority_interrupt          intcode      000008
_initConfigs                      text10       0016E0
_main                             text0        000852
_sendLcd                          text14       001970
_setTimer                         text9        0018E4
_tmr0_flag                        text20       001246
_writeCStringLcd                  text8        0018B6
_writeLcd                         text13       0017C8
_writeStringLcd                   text7        001888
_writeValueLcd                    text1        000CDC
adc_read@canal                    cstackBANK2  000204
adc_read@x                        cstackBANK2  000205
adc_read@y                        cstackBANK2  000206
btemp                             temp         000058
end_of_initialization             cinit        001962
gotoLcd@pos                       cstackBANK2  000202
i2_adc_read                       text21       001854
i2adc_read@canal                  cstackCOMRAM 000005
i2adc_read@x                      cstackCOMRAM 000006
i2adc_read@y                      cstackCOMRAM 000007
int$flags                         temp         000058
int_func                          intcode_body 001644
intlevel0                         text         000000
intlevel1                         text         000000
intlevel2                         text         000000
intlevel3                         text         000000
main@valor                        cstackBANK2  000236
setTimer@state                    cstackBANK2  000200
stackhi                           (abs)        0007FF
stacklo                           (abs)        000239
start                             init         00000E
start_initialization              cinit        001962
tmr0_flag@Ir                      cstackBANK1  000100
tmr0_flag@Is                      cstackBANK1  00013C
tmr0_flag@It                      cstackBANK1  000178
tmr0_flag@Vr                      cstackCOMRAM 000008
tmr0_flag@Vs                      cstackBANK0  000060
tmr0_flag@Vt                      cstackBANK0  00009C
tmr0_flag@i                       cstackCOMRAM 000044
writeCStringLcd@s                 cstackBANK2  000202
writeLcd@c                        cstackBANK2  000201
writeStringLcd@s                  cstackBANK2  000202
writeValueLcd@val                 cstackBANK2  000229
writeValueLcd@x                   cstackBANK2  000230
wtemp6                            temp         000059


FUNCTION INFORMATION:

 *************** function _main *****************
 Defined at:
		line 17 in file "main.c"
 Parameters:    Size  Location     Type
		None
 Auto vars:     Size  Location     Type
  str             7    0        unsigned char [7]
  valor           3   54[BANK2 ] float 
  val             2    0        unsigned char [2]
 Return value:  Size  Location     Type
                  1    wreg      void 
 Registers used:
		wreg, status,2, status,0, tblptrl, tblptrh, tblptru, cstack
 Tracked objects:
		On entry : 
		On exit  : 
		Unchanged: 
 Data sizes:     COMRAM   BANK0   BANK1   BANK2   BANK3   BANK4   BANK5   BANK6   BANK7
      Params:         0       0       0       0       0       0       0       0       0
      Locals:         0       0       0       3       0       0       0       0       0
      Temps:          0       0       0       2       0       0       0       0       0
      Totals:         0       0       0       5       0       0       0       0       0
Total ram usage:        5 bytes
 Hardware stack levels required when called:    7
 This function calls:
		___ftdiv
		___ftmul
		___lwtoft
		_adc_read
		_clearLcd
		_gotoLcd
		_initConfigs
		_setTimer
		_writeCStringLcd
		_writeStringLcd
		_writeValueLcd
 This function is called by:
		Startup code after reset
 This function uses a non-reentrant model


 *************** function _writeValueLcd *****************
 Defined at:
		line 53 in file "lcd.c"
 Parameters:    Size  Location     Type
  val             3   41[BANK2 ] float 
 Auto vars:     Size  Location     Type
  x               4   48[BANK2 ] long 
 Return value:  Size  Location     Type
                  1    wreg      void 
 Registers used:
		wreg, status,2, status,0, cstack
 Tracked objects:
		On entry : 
		On exit  : 
		Unchanged: 
 Data sizes:     COMRAM   BANK0   BANK1   BANK2   BANK3   BANK4   BANK5   BANK6   BANK7
      Params:         0       0       0       3       0       0       0       0       0
      Locals:         0       0       0       4       0       0       0       0       0
      Temps:          0       0       0       4       0       0       0       0       0
      Totals:         0       0       0      11       0       0       0       0       0
Total ram usage:       11 bytes
 Hardware stack levels used:    1
 Hardware stack levels required when called:    5
 This function calls:
		___aldiv
		___almod
		___ftmul
		___fttol
		___lmul
		_writeLcd
 This function is called by:
		_main
 This function uses a non-reentrant model


 *************** function ___lmul *****************
 Defined at:
		line 15 in file "C:\Program Files (x86)\Microchip\xc8\v1.45\sources\common\Umul32.c"
 Parameters:    Size  Location     Type
  multiplier      4    0[BANK2 ] unsigned long 
  multiplicand    4    4[BANK2 ] unsigned long 
 Auto vars:     Size  Location     Type
  product         4    8[BANK2 ] unsigned long 
 Return value:  Size  Location     Type
                  4    0[BANK2 ] unsigned long 
 Registers used:
		wreg, status,2, status,0
 Tracked objects:
		On entry : 
		On exit  : 
		Unchanged: 
 Data sizes:     COMRAM   BANK0   BANK1   BANK2   BANK3   BANK4   BANK5   BANK6   BANK7
      Params:         0       0       0       8       0       0       0       0       0
      Locals:         0       0       0       4       0       0       0       0       0
      Temps:          0       0       0       0       0       0       0       0       0
      Totals:         0       0       0      12       0       0       0       0       0
Total ram usage:       12 bytes
 Hardware stack levels used:    1
 Hardware stack levels required when called:    3
 This function calls:
		Nothing
 This function is called by:
		_writeValueLcd
 This function uses a non-reentrant model


 *************** function ___fttol *****************
 Defined at:
		line 44 in file "C:\Program Files (x86)\Microchip\xc8\v1.45\sources\common\fttol.c"
 Parameters:    Size  Location     Type
  f1              3   26[BANK2 ] float 
 Auto vars:     Size  Location     Type
  lval            4   36[BANK2 ] unsigned long 
  exp1            1   40[BANK2 ] unsigned char 
  sign1           1   35[BANK2 ] unsigned char 
 Return value:  Size  Location     Type
                  4   26[BANK2 ] long 
 Registers used:
		wreg, status,2, status,0
 Tracked objects:
		On entry : 
		On exit  : 
		Unchanged: 
 Data sizes:     COMRAM   BANK0   BANK1   BANK2   BANK3   BANK4   BANK5   BANK6   BANK7
      Params:         0       0       0       4       0       0       0       0       0
      Locals:         0       0       0       6       0       0       0       0       0
      Temps:          0       0       0       5       0       0       0       0       0
      Totals:         0       0       0      15       0       0       0       0       0
Total ram usage:       15 bytes
 Hardware stack levels used:    1
 Hardware stack levels required when called:    3
 This function calls:
		Nothing
 This function is called by:
		_writeValueLcd
 This function uses a non-reentrant model


 *************** function ___ftmul *****************
 Defined at:
		line 62 in file "C:\Program Files (x86)\Microchip\xc8\v1.45\sources\common\ftmul.c"
 Parameters:    Size  Location     Type
  f1              3   11[BANK2 ] float 
  f2              3   14[BANK2 ] float 
 Auto vars:     Size  Location     Type
  f3_as_produc    3   21[BANK2 ] unsigned um
  sign            1   25[BANK2 ] unsigned char 
  cntr            1   24[BANK2 ] unsigned char 
  exp             1   20[BANK2 ] unsigned char 
 Return value:  Size  Location     Type
                  3   11[BANK2 ] float 
 Registers used:
		wreg, status,2, status,0, cstack
 Tracked objects:
		On entry : 
		On exit  : 
		Unchanged: 
 Data sizes:     COMRAM   BANK0   BANK1   BANK2   BANK3   BANK4   BANK5   BANK6   BANK7
      Params:         0       0       0       6       0       0       0       0       0
      Locals:         0       0       0       6       0       0       0       0       0
      Temps:          0       0       0       3       0       0       0       0       0
      Totals:         0       0       0      15       0       0       0       0       0
Total ram usage:       15 bytes
 Hardware stack levels used:    1
 Hardware stack levels required when called:    4
 This function calls:
		___ftpack
 This function is called by:
		_main
		_writeValueLcd
 This function uses a non-reentrant model


 *************** function ___almod *****************
 Defined at:
		line 8 in file "C:\Program Files (x86)\Microchip\xc8\v1.45\sources\common\almod.c"
 Parameters:    Size  Location     Type
  dividend        4    0[BANK2 ] long 
  divisor         4    4[BANK2 ] long 
 Auto vars:     Size  Location     Type
  sign            1    9[BANK2 ] unsigned char 
  counter         1    8[BANK2 ] unsigned char 
 Return value:  Size  Location     Type
                  4    0[BANK2 ] long 
 Registers used:
		wreg, status,2, status,0
 Tracked objects:
		On entry : 
		On exit  : 
		Unchanged: 
 Data sizes:     COMRAM   BANK0   BANK1   BANK2   BANK3   BANK4   BANK5   BANK6   BANK7
      Params:         0       0       0       8       0       0       0       0       0
      Locals:         0       0       0       2       0       0       0       0       0
      Temps:          0       0       0       0       0       0       0       0       0
      Totals:         0       0       0      10       0       0       0       0       0
Total ram usage:       10 bytes
 Hardware stack levels used:    1
 Hardware stack levels required when called:    3
 This function calls:
		Nothing
 This function is called by:
		_writeValueLcd
 This function uses a non-reentrant model


 *************** function ___aldiv *****************
 Defined at:
		line 8 in file "C:\Program Files (x86)\Microchip\xc8\v1.45\sources\common\aldiv.c"
 Parameters:    Size  Location     Type
  dividend        4   10[BANK2 ] long 
  divisor         4   14[BANK2 ] long 
 Auto vars:     Size  Location     Type
  quotient        4   20[BANK2 ] long 
  sign            1   19[BANK2 ] unsigned char 
  counter         1   18[BANK2 ] unsigned char 
 Return value:  Size  Location     Type
                  4   10[BANK2 ] long 
 Registers used:
		wreg, status,2, status,0
 Tracked objects:
		On entry : 
		On exit  : 
		Unchanged: 
 Data sizes:     COMRAM   BANK0   BANK1   BANK2   BANK3   BANK4   BANK5   BANK6   BANK7
      Params:         0       0       0       8       0       0       0       0       0
      Locals:         0       0       0       6       0       0       0       0       0
      Temps:          0       0       0       0       0       0       0       0       0
      Totals:         0       0       0      14       0       0       0       0       0
Total ram usage:       14 bytes
 Hardware stack levels used:    1
 Hardware stack levels required when called:    3
 This function calls:
		Nothing
 This function is called by:
		_writeValueLcd
 This function uses a non-reentrant model


 *************** function _writeStringLcd *****************
 Defined at:
		line 47 in file "lcd.c"
 Parameters:    Size  Location     Type
  s               2    2[BANK2 ] PTR unsigned char 
		 -> STR_13(2), STR_12(10), STR_11(2), STR_10(10), 
		 -> STR_9(2), STR_8(10), STR_7(2), STR_6(10), 
		 -> STR_5(2), STR_4(10), STR_3(2), STR_2(10), 
 Auto vars:     Size  Location     Type
		None
 Return value:  Size  Location     Type
                  1    wreg      void 
 Registers used:
		wreg, status,2, status,0, tblptrl, tblptrh, tblptru, cstack
 Tracked objects:
		On entry : 
		On exit  : 
		Unchanged: 
 Data sizes:     COMRAM   BANK0   BANK1   BANK2   BANK3   BANK4   BANK5   BANK6   BANK7
      Params:         0       0       0       2       0       0       0       0       0
      Locals:         0       0       0       0       0       0       0       0       0
      Temps:          0       0       0       0       0       0       0       0       0
      Totals:         0       0       0       2       0       0       0       0       0
Total ram usage:        2 bytes
 Hardware stack levels used:    1
 Hardware stack levels required when called:    5
 This function calls:
		_writeLcd
 This function is called by:
		_main
 This function uses a non-reentrant model


 *************** function _writeCStringLcd *****************
 Defined at:
		line 41 in file "lcd.c"
 Parameters:    Size  Location     Type
  s               2    2[BANK2 ] PTR const unsigned char 
		 -> STR_1(17), 
 Auto vars:     Size  Location     Type
		None
 Return value:  Size  Location     Type
                  1    wreg      void 
 Registers used:
		wreg, status,2, status,0, tblptrl, tblptrh, tblptru, cstack
 Tracked objects:
		On entry : 
		On exit  : 
		Unchanged: 
 Data sizes:     COMRAM   BANK0   BANK1   BANK2   BANK3   BANK4   BANK5   BANK6   BANK7
      Params:         0       0       0       2       0       0       0       0       0
      Locals:         0       0       0       0       0       0       0       0       0
      Temps:          0       0       0       0       0       0       0       0       0
      Totals:         0       0       0       2       0       0       0       0       0
Total ram usage:        2 bytes
 Hardware stack levels used:    1
 Hardware stack levels required when called:    5
 This function calls:
		_writeLcd
 This function is called by:
		_main
 This function uses a non-reentrant model


 *************** function _setTimer *****************
 Defined at:
		line 29 in file "timer.c"
 Parameters:    Size  Location     Type
  state           1    wreg     unsigned char 
 Auto vars:     Size  Location     Type
  state           1    0[BANK2 ] unsigned char 
 Return value:  Size  Location     Type
                  1    wreg      void 
 Registers used:
		wreg, status,2, status,0
 Tracked objects:
		On entry : 
		On exit  : 
		Unchanged: 
 Data sizes:     COMRAM   BANK0   BANK1   BANK2   BANK3   BANK4   BANK5   BANK6   BANK7
      Params:         0       0       0       0       0       0       0       0       0
      Locals:         0       0       0       1       0       0       0       0       0
      Temps:          0       0       0       0       0       0       0       0       0
      Totals:         0       0       0       1       0       0       0       0       0
Total ram usage:        1 bytes
 Hardware stack levels used:    1
 Hardware stack levels required when called:    3
 This function calls:
		Nothing
 This function is called by:
		_main
 This function uses a non-reentrant model


 *************** function _initConfigs *****************
 Defined at:
		line 13 in file "preset.c"
 Parameters:    Size  Location     Type
		None
 Auto vars:     Size  Location     Type
		None
 Return value:  Size  Location     Type
                  1    wreg      void 
 Registers used:
		wreg, status,2, status,0, cstack
 Tracked objects:
		On entry : 
		On exit  : 
		Unchanged: 
 Data sizes:     COMRAM   BANK0   BANK1   BANK2   BANK3   BANK4   BANK5   BANK6   BANK7
      Params:         0       0       0       0       0       0       0       0       0
      Locals:         0       0       0       0       0       0       0       0       0
      Temps:          0       0       0       2       0       0       0       0       0
      Totals:         0       0       0       2       0       0       0       0       0
Total ram usage:        2 bytes
 Hardware stack levels used:    1
 Hardware stack levels required when called:    6
 This function calls:
		_clearLcd
		_writeLcd
 This function is called by:
		_main
 This function uses a non-reentrant model


 *************** function _clearLcd *****************
 Defined at:
		line 25 in file "lcd.c"
 Parameters:    Size  Location     Type
		None
 Auto vars:     Size  Location     Type
		None
 Return value:  Size  Location     Type
                  1    wreg      void 
 Registers used:
		wreg, status,2, status,0, cstack
 Tracked objects:
		On entry : 
		On exit  : 
		Unchanged: 
 Data sizes:     COMRAM   BANK0   BANK1   BANK2   BANK3   BANK4   BANK5   BANK6   BANK7
      Params:         0       0       0       0       0       0       0       0       0
      Locals:         0       0       0       0       0       0       0       0       0
      Temps:          0       0       0       1       0       0       0       0       0
      Totals:         0       0       0       1       0       0       0       0       0
Total ram usage:        1 bytes
 Hardware stack levels used:    1
 Hardware stack levels required when called:    5
 This function calls:
		_writeLcd
 This function is called by:
		_main
		_initConfigs
 This function uses a non-reentrant model


 *************** function _gotoLcd *****************
 Defined at:
		line 31 in file "lcd.c"
 Parameters:    Size  Location     Type
  pos             1    wreg     unsigned char 
 Auto vars:     Size  Location     Type
  pos             1    2[BANK2 ] unsigned char 
 Return value:  Size  Location     Type
                  1    wreg      void 
 Registers used:
		wreg, status,2, status,0, cstack
 Tracked objects:
		On entry : 
		On exit  : 
		Unchanged: 
 Data sizes:     COMRAM   BANK0   BANK1   BANK2   BANK3   BANK4   BANK5   BANK6   BANK7
      Params:         0       0       0       0       0       0       0       0       0
      Locals:         0       0       0       1       0       0       0       0       0
      Temps:          0       0       0       0       0       0       0       0       0
      Totals:         0       0       0       1       0       0       0       0       0
Total ram usage:        1 bytes
 Hardware stack levels used:    1
 Hardware stack levels required when called:    5
 This function calls:
		_writeLcd
 This function is called by:
		_main
 This function uses a non-reentrant model


 *************** function _writeLcd *****************
 Defined at:
		line 16 in file "lcd.c"
 Parameters:    Size  Location     Type
  c               1    wreg     unsigned char 
 Auto vars:     Size  Location     Type
  c               1    1[BANK2 ] unsigned char 
 Return value:  Size  Location     Type
                  1    wreg      void 
 Registers used:
		wreg, status,2, status,0, cstack
 Tracked objects:
		On entry : 
		On exit  : 
		Unchanged: 
 Data sizes:     COMRAM   BANK0   BANK1   BANK2   BANK3   BANK4   BANK5   BANK6   BANK7
      Params:         0       0       0       0       0       0       0       0       0
      Locals:         0       0       0       1       0       0       0       0       0
      Temps:          0       0       0       1       0       0       0       0       0
      Totals:         0       0       0       2       0       0       0       0       0
Total ram usage:        2 bytes
 Hardware stack levels used:    1
 Hardware stack levels required when called:    4
 This function calls:
		_sendLcd
 This function is called by:
		_initConfigs
		_clearLcd
		_gotoLcd
		_writeCStringLcd
		_writeStringLcd
		_writeValueLcd
 This function uses a non-reentrant model


 *************** function _sendLcd *****************
 Defined at:
		line 11 in file "lcd.c"
 Parameters:    Size  Location     Type
		None
 Auto vars:     Size  Location     Type
		None
 Return value:  Size  Location     Type
                  1    wreg      void 
 Registers used:
		None
 Tracked objects:
		On entry : 
		On exit  : 
		Unchanged: 
 Data sizes:     COMRAM   BANK0   BANK1   BANK2   BANK3   BANK4   BANK5   BANK6   BANK7
      Params:         0       0       0       0       0       0       0       0       0
      Locals:         0       0       0       0       0       0       0       0       0
      Temps:          0       0       0       0       0       0       0       0       0
      Totals:         0       0       0       0       0       0       0       0       0
Total ram usage:        0 bytes
 Hardware stack levels used:    1
 Hardware stack levels required when called:    3
 This function calls:
		Nothing
 This function is called by:
		_writeLcd
 This function uses a non-reentrant model


 *************** function _adc_read *****************
 Defined at:
		line 11 in file "adc.c"
 Parameters:    Size  Location     Type
  canal           1    wreg     unsigned char 
 Auto vars:     Size  Location     Type
  canal           1    4[BANK2 ] unsigned char 
  y               1    6[BANK2 ] unsigned char 
  x               1    5[BANK2 ] unsigned char 
 Return value:  Size  Location     Type
                  2    0[BANK2 ] unsigned int 
 Registers used:
		wreg, status,2, status,0
 Tracked objects:
		On entry : 
		On exit  : 
		Unchanged: 
 Data sizes:     COMRAM   BANK0   BANK1   BANK2   BANK3   BANK4   BANK5   BANK6   BANK7
      Params:         0       0       0       2       0       0       0       0       0
      Locals:         0       0       0       3       0       0       0       0       0
      Temps:          0       0       0       2       0       0       0       0       0
      Totals:         0       0       0       7       0       0       0       0       0
Total ram usage:        7 bytes
 Hardware stack levels used:    1
 Hardware stack levels required when called:    3
 This function calls:
		Nothing
 This function is called by:
		_main
 This function uses a non-reentrant model


 *************** function ___lwtoft *****************
 Defined at:
		line 28 in file "C:\Program Files (x86)\Microchip\xc8\v1.45\sources\common\lwtoft.c"
 Parameters:    Size  Location     Type
  c               2    8[BANK2 ] unsigned int 
 Auto vars:     Size  Location     Type
		None
 Return value:  Size  Location     Type
                  3    8[BANK2 ] float 
 Registers used:
		wreg, status,2, status,0, cstack
 Tracked objects:
		On entry : 
		On exit  : 
		Unchanged: 
 Data sizes:     COMRAM   BANK0   BANK1   BANK2   BANK3   BANK4   BANK5   BANK6   BANK7
      Params:         0       0       0       3       0       0       0       0       0
      Locals:         0       0       0       0       0       0       0       0       0
      Temps:          0       0       0       0       0       0       0       0       0
      Totals:         0       0       0       3       0       0       0       0       0
Total ram usage:        3 bytes
 Hardware stack levels used:    1
 Hardware stack levels required when called:    4
 This function calls:
		___ftpack
 This function is called by:
		_main
 This function uses a non-reentrant model


 *************** function ___ftdiv *****************
 Defined at:
		line 54 in file "C:\Program Files (x86)\Microchip\xc8\v1.45\sources\common\ftdiv.c"
 Parameters:    Size  Location     Type
  f1              3   26[BANK2 ] float 
  f2              3   29[BANK2 ] float 
 Auto vars:     Size  Location     Type
  f3              3   36[BANK2 ] float 
  sign            1   40[BANK2 ] unsigned char 
  exp             1   39[BANK2 ] unsigned char 
  cntr            1   35[BANK2 ] unsigned char 
 Return value:  Size  Location     Type
                  3   26[BANK2 ] float 
 Registers used:
		wreg, status,2, status,0, cstack
 Tracked objects:
		On entry : 
		On exit  : 
		Unchanged: 
 Data sizes:     COMRAM   BANK0   BANK1   BANK2   BANK3   BANK4   BANK5   BANK6   BANK7
      Params:         0       0       0       6       0       0       0       0       0
      Locals:         0       0       0       6       0       0       0       0       0
      Temps:          0       0       0       3       0       0       0       0       0
      Totals:         0       0       0      15       0       0       0       0       0
Total ram usage:       15 bytes
 Hardware stack levels used:    1
 Hardware stack levels required when called:    4
 This function calls:
		___ftpack
 This function is called by:
		_main
 This function uses a non-reentrant model


 *************** function ___ftpack *****************
 Defined at:
		line 62 in file "C:\Program Files (x86)\Microchip\xc8\v1.45\sources\common\float.c"
 Parameters:    Size  Location     Type
  arg             3    0[BANK2 ] unsigned um
  exp             1    3[BANK2 ] unsigned char 
  sign            1    4[BANK2 ] unsigned char 
 Auto vars:     Size  Location     Type
		None
 Return value:  Size  Location     Type
                  3    0[BANK2 ] float 
 Registers used:
		wreg, status,2, status,0
 Tracked objects:
		On entry : 
		On exit  : 
		Unchanged: 
 Data sizes:     COMRAM   BANK0   BANK1   BANK2   BANK3   BANK4   BANK5   BANK6   BANK7
      Params:         0       0       0       5       0       0       0       0       0
      Locals:         0       0       0       0       0       0       0       0       0
      Temps:          0       0       0       3       0       0       0       0       0
      Totals:         0       0       0       8       0       0       0       0       0
Total ram usage:        8 bytes
 Hardware stack levels used:    1
 Hardware stack levels required when called:    3
 This function calls:
		Nothing
 This function is called by:
		___ftdiv
		___ftmul
		___lwtoft
 This function uses a non-reentrant model


 *************** function _high_priority_interrupt *****************
 Defined at:
		line 56 in file "preset.c"
 Parameters:    Size  Location     Type
		None
 Auto vars:     Size  Location     Type
		None
 Return value:  Size  Location     Type
                  1    wreg      void 
 Registers used:
		wreg, fsr2l, fsr2h, status,2, status,0, cstack
 Tracked objects:
		On entry : 
		On exit  : 
		Unchanged: 
 Data sizes:     COMRAM   BANK0   BANK1   BANK2   BANK3   BANK4   BANK5   BANK6   BANK7
      Params:         0       0       0       0       0       0       0       0       0
      Locals:         0       0       0       0       0       0       0       0       0
      Temps:         18       0       0       0       0       0       0       0       0
      Totals:        18       0       0       0       0       0       0       0       0
Total ram usage:       18 bytes
 Hardware stack levels used:    1
 Hardware stack levels required when called:    2
 This function calls:
		_tmr0_flag
 This function is called by:
		Interrupt level 2
 This function uses a non-reentrant model


 *************** function _tmr0_flag *****************
 Defined at:
		line 11 in file "timer.c"
 Parameters:    Size  Location     Type
		None
 Auto vars:     Size  Location     Type
  i               2   67[COMRAM] int 
  It             60  120[BANK1 ] int [30]
  Is             60   60[BANK1 ] int [30]
  Ir             60    0[BANK1 ] int [30]
  Vt             60   60[BANK0 ] int [30]
  Vs             60    0[BANK0 ] int [30]
  Vr             60    7[COMRAM] int [30]
 Return value:  Size  Location     Type
                  1    wreg      void 
 Registers used:
		wreg, fsr2l, fsr2h, status,2, status,0, cstack
 Tracked objects:
		On entry : 
		On exit  : 
		Unchanged: 
 Data sizes:     COMRAM   BANK0   BANK1   BANK2   BANK3   BANK4   BANK5   BANK6   BANK7
      Params:         0       0       0       0       0       0       0       0       0
      Locals:        62     120     180       0       0       0       0       0       0
      Temps:          0       0       0       0       0       0       0       0       0
      Totals:        62     120     180       0       0       0       0       0       0
Total ram usage:      362 bytes
 Hardware stack levels used:    1
 Hardware stack levels required when called:    1
 This function calls:
		i2_adc_read
 This function is called by:
		_high_priority_interrupt
 This function uses a non-reentrant model


 *************** function i2_adc_read *****************
 Defined at:
		line 11 in file "adc.c"
 Parameters:    Size  Location     Type
  canal           1    wreg     unsigned char 
 Auto vars:     Size  Location     Type
  canal           1    4[COMRAM] unsigned char 
  adc_read        1    6[COMRAM] unsigned char 
  adc_read        1    5[COMRAM] unsigned char 
 Return value:  Size  Location     Type
                  2    0[COMRAM] unsigned int 
 Registers used:
		wreg, status,2, status,0
 Tracked objects:
		On entry : 
		On exit  : 
		Unchanged: 
 Data sizes:     COMRAM   BANK0   BANK1   BANK2   BANK3   BANK4   BANK5   BANK6   BANK7
      Params:         2       0       0       0       0       0       0       0       0
      Locals:         3       0       0       0       0       0       0       0       0
      Temps:          2       0       0       0       0       0       0       0       0
      Totals:         7       0       0       0       0       0       0       0       0
Total ram usage:        7 bytes
 Hardware stack levels used:    1
 This function calls:
		Nothing
 This function is called by:
		_tmr0_flag
 This function uses a non-reentrant model



MODULE INFORMATION

Module		Function		Class		Link	Load	Size
C:\Program Files (x86)\Microchip\xc8\v1.45\sources\common\float.c
		___ftpack      		CODE           	14E6	0000	177

C:\Program Files (x86)\Microchip\xc8\v1.45\sources\common\float.c estimated size: 177

timer.c
		_tmr0_flag     		CODE           	1246	0000	235
		_setTimer      		CODE           	18E4	0000	45

timer.c estimated size: 280

C:\Program Files (x86)\Microchip\xc8\v1.45\sources\common\ftmul.c
		___ftmul       		CODE           	1150	0000	247

C:\Program Files (x86)\Microchip\xc8\v1.45\sources\common\ftmul.c estimated size: 247

C:\Program Files (x86)\Microchip\xc8\v1.45\sources\common\ftdiv.c
		___ftdiv       		CODE           	1330	0000	233

C:\Program Files (x86)\Microchip\xc8\v1.45\sources\common\ftdiv.c estimated size: 233

adc.c
		_adc_read      		CODE           	181A	0000	59

adc.c estimated size: 59

C:\Program Files (x86)\Microchip\xc8\v1.45\sources\common\almod.c
		___almod       		CODE           	1596	0000	175

C:\Program Files (x86)\Microchip\xc8\v1.45\sources\common\almod.c estimated size: 175

C:\Program Files (x86)\Microchip\xc8\v1.45\sources\common\Umul32.c
		___lmul        		CODE           	1770	0000	89

C:\Program Files (x86)\Microchip\xc8\v1.45\sources\common\Umul32.c estimated size: 89

shared
		__initialization		CODE           	1962	0000	1
		i2_adc_read    		CODE           	1854	0000	53

shared estimated size: 54

C:\Program Files (x86)\Microchip\xc8\v1.45\sources\common\fttol.c
		___fttol       		CODE           	1058	0000	249

C:\Program Files (x86)\Microchip\xc8\v1.45\sources\common\fttol.c estimated size: 249

lcd.c
		_gotoLcd       		CODE           	1952	0000	17
		_writeValueLcd 		CODE           	0CDC	0000	893
		_writeStringLcd		CODE           	1888	0000	47
		_writeCStringLcd		CODE           	18B6	0000	47
		_sendLcd       		CODE           	1970	0000	7
		_writeLcd      		CODE           	17C8	0000	83
		_clearLcd      		CODE           	1936	0000	29

lcd.c estimated size: 1123

C:\Program Files (x86)\Microchip\xc8\v1.45\sources\common\aldiv.c
		___aldiv       		CODE           	1418	0000	207

C:\Program Files (x86)\Microchip\xc8\v1.45\sources\common\aldiv.c estimated size: 207

preset.c
		_initConfigs   		CODE           	16E0	0000	145
		_high_priority_interrupt		CODE           	0008	0000	163

preset.c estimated size: 308

main.c
		_main          		CODE           	0852	0000	1163

main.c estimated size: 1163

C:\Program Files (x86)\Microchip\xc8\v1.45\sources\common\lwtoft.c
		___lwtoft      		CODE           	1910	0000	39

C:\Program Files (x86)\Microchip\xc8\v1.45\sources\common\lwtoft.c estimated size: 39

